Component: ARM Compiler 5.06 update 1 (build 61) Tool: armlink [4d35a8]

==============================================================================

Section Cross References

    startup_stm32f107xc.o(RESET) refers to startup_stm32f107xc.o(STACK) for __initial_sp
    startup_stm32f107xc.o(RESET) refers to startup_stm32f107xc.o(.text) for Reset_Handler
    startup_stm32f107xc.o(RESET) refers to stm32f1xx_it.o(i.UsageFault_Handler) for UsageFault_Handler
    startup_stm32f107xc.o(RESET) refers to stm32f1xx_it.o(i.DebugMon_Handler) for DebugMon_Handler
    startup_stm32f107xc.o(RESET) refers to stm32f1xx_it.o(i.SysTick_Handler) for SysTick_Handler
    startup_stm32f107xc.o(RESET) refers to stm32f1xx_it.o(i.TIM4_IRQHandler) for TIM4_IRQHandler
    startup_stm32f107xc.o(RESET) refers to stm32f1xx_it.o(i.USART1_IRQHandler) for USART1_IRQHandler
    startup_stm32f107xc.o(.text) refers to system_stm32f1xx.o(i.SystemInit) for SystemInit
    startup_stm32f107xc.o(.text) refers to entry.o(.ARM.Collect$$$$00000000) for __main
    stm32f1xx_hal_flash.o(i.FLASH_Program_HalfWord) refers to stm32f1xx_hal_flash.o(.bss) for .bss
    stm32f1xx_hal_flash.o(i.FLASH_SetErrorCode) refers to stm32f1xx_hal_flash.o(.bss) for .bss
    stm32f1xx_hal_flash.o(i.FLASH_WaitForLastOperation) refers to stm32f1xx_hal.o(i.HAL_GetTick) for HAL_GetTick
    stm32f1xx_hal_flash.o(i.FLASH_WaitForLastOperation) refers to stm32f1xx_hal_flash.o(i.FLASH_SetErrorCode) for FLASH_SetErrorCode
    stm32f1xx_hal_flash.o(i.HAL_FLASH_GetError) refers to stm32f1xx_hal_flash.o(.bss) for .bss
    stm32f1xx_hal_flash.o(i.HAL_FLASH_IRQHandler) refers to stm32f1xx_hal_flash.o(i.FLASH_SetErrorCode) for FLASH_SetErrorCode
    stm32f1xx_hal_flash.o(i.HAL_FLASH_IRQHandler) refers to stm32f1xx_hal_flash.o(i.HAL_FLASH_OperationErrorCallback) for HAL_FLASH_OperationErrorCallback
    stm32f1xx_hal_flash.o(i.HAL_FLASH_IRQHandler) refers to stm32f1xx_hal_flash.o(i.FLASH_Program_HalfWord) for FLASH_Program_HalfWord
    stm32f1xx_hal_flash.o(i.HAL_FLASH_IRQHandler) refers to stm32f1xx_hal_flash.o(i.HAL_FLASH_EndOfOperationCallback) for HAL_FLASH_EndOfOperationCallback
    stm32f1xx_hal_flash.o(i.HAL_FLASH_IRQHandler) refers to stm32f1xx_hal_flash_ex.o(i.FLASH_PageErase) for FLASH_PageErase
    stm32f1xx_hal_flash.o(i.HAL_FLASH_IRQHandler) refers to stm32f1xx_hal_flash.o(.bss) for .bss
    stm32f1xx_hal_flash.o(i.HAL_FLASH_OB_Launch) refers to stm32f1xx_hal_cortex.o(i.HAL_NVIC_SystemReset) for HAL_NVIC_SystemReset
    stm32f1xx_hal_flash.o(i.HAL_FLASH_Program) refers to stm32f1xx_hal_flash.o(i.FLASH_WaitForLastOperation) for FLASH_WaitForLastOperation
    stm32f1xx_hal_flash.o(i.HAL_FLASH_Program) refers to llushr.o(.text) for __aeabi_llsr
    stm32f1xx_hal_flash.o(i.HAL_FLASH_Program) refers to stm32f1xx_hal_flash.o(i.FLASH_Program_HalfWord) for FLASH_Program_HalfWord
    stm32f1xx_hal_flash.o(i.HAL_FLASH_Program) refers to stm32f1xx_hal_flash.o(.bss) for .bss
    stm32f1xx_hal_flash.o(i.HAL_FLASH_Program_IT) refers to stm32f1xx_hal_flash.o(i.FLASH_Program_HalfWord) for FLASH_Program_HalfWord
    stm32f1xx_hal_flash.o(i.HAL_FLASH_Program_IT) refers to stm32f1xx_hal_flash.o(.bss) for .bss
    stm32f1xx_hal.o(i.HAL_DeInit) refers to stm32f1xx_hal.o(i.HAL_MspDeInit) for HAL_MspDeInit
    stm32f1xx_hal.o(i.HAL_Delay) refers to stm32f1xx_hal.o(i.HAL_GetTick) for HAL_GetTick
    stm32f1xx_hal.o(i.HAL_GetTick) refers to stm32f1xx_hal.o(.data) for .data
    stm32f1xx_hal.o(i.HAL_IncTick) refers to stm32f1xx_hal.o(.data) for .data
    stm32f1xx_hal.o(i.HAL_Init) refers to stm32f1xx_hal_cortex.o(i.HAL_NVIC_SetPriorityGrouping) for HAL_NVIC_SetPriorityGrouping
    stm32f1xx_hal.o(i.HAL_Init) refers to stm32f1xx_hal.o(i.HAL_InitTick) for HAL_InitTick
    stm32f1xx_hal.o(i.HAL_Init) refers to stm32f1xx_hal_msp.o(i.HAL_MspInit) for HAL_MspInit
    stm32f1xx_hal.o(i.HAL_InitTick) refers to stm32f1xx_hal_rcc.o(i.HAL_RCC_GetHCLKFreq) for HAL_RCC_GetHCLKFreq
    stm32f1xx_hal.o(i.HAL_InitTick) refers to stm32f1xx_hal_cortex.o(i.HAL_SYSTICK_Config) for HAL_SYSTICK_Config
    stm32f1xx_hal.o(i.HAL_InitTick) refers to stm32f1xx_hal_cortex.o(i.HAL_NVIC_SetPriority) for HAL_NVIC_SetPriority
    stm32f1xx_hal_rcc.o(i.HAL_RCC_ClockConfig) refers to stm32f1xx_hal.o(i.HAL_GetTick) for HAL_GetTick
    stm32f1xx_hal_rcc.o(i.HAL_RCC_ClockConfig) refers to stm32f1xx_hal.o(i.HAL_InitTick) for HAL_InitTick
    stm32f1xx_hal_rcc.o(i.HAL_RCC_GetHCLKFreq) refers to stm32f1xx_hal_rcc.o(i.HAL_RCC_GetSysClockFreq) for HAL_RCC_GetSysClockFreq
    stm32f1xx_hal_rcc.o(i.HAL_RCC_GetHCLKFreq) refers to stm32f1xx_hal_rcc.o(.constdata) for .constdata
    stm32f1xx_hal_rcc.o(i.HAL_RCC_GetHCLKFreq) refers to system_stm32f1xx.o(.data) for SystemCoreClock
    stm32f1xx_hal_rcc.o(i.HAL_RCC_GetPCLK1Freq) refers to stm32f1xx_hal_rcc.o(i.HAL_RCC_GetHCLKFreq) for HAL_RCC_GetHCLKFreq
    stm32f1xx_hal_rcc.o(i.HAL_RCC_GetPCLK1Freq) refers to stm32f1xx_hal_rcc.o(.constdata) for .constdata
[...]
    Removing stm32f1xx_hal.o(i.HAL_DBGMCU_DisableDBGSleepMode), (16 bytes).
    Removing stm32f1xx_hal.o(i.HAL_DBGMCU_DisableDBGStandbyMode), (16 bytes).
    Removing stm32f1xx_hal.o(i.HAL_DBGMCU_DisableDBGStopMode), (16 bytes).
    Removing stm32f1xx_hal.o(i.HAL_DBGMCU_EnableDBGSleepMode), (16 bytes).
    Removing stm32f1xx_hal.o(i.HAL_DBGMCU_EnableDBGStandbyMode), (16 bytes).
    Removing stm32f1xx_hal.o(i.HAL_DBGMCU_EnableDBGStopMode), (16 bytes).
    Removing stm32f1xx_hal.o(i.HAL_DeInit), (36 bytes).
    Removing stm32f1xx_hal.o(i.HAL_GetDEVID), (16 bytes).
    Removing stm32f1xx_hal.o(i.HAL_GetHalVersion), (8 bytes).
    Removing stm32f1xx_hal.o(i.HAL_GetREVID), (28 bytes).
    Removing stm32f1xx_hal.o(i.HAL_MspDeInit), (2 bytes).
    Removing stm32f1xx_hal.o(i.HAL_MspInit), (2 bytes).
    Removing stm32f1xx_hal.o(i.HAL_ResumeTick), (14 bytes).
    Removing stm32f1xx_hal.o(i.HAL_SuspendTick), (14 bytes).
    Removing stm32f1xx_hal_rcc.o(.rev16_text), (4 bytes).
    Removing stm32f1xx_hal_rcc.o(.revsh_text), (4 bytes).
    Removing stm32f1xx_hal_rcc.o(.rrx_text), (6 bytes).
    Removing stm32f1xx_hal_rcc.o(i.HAL_RCC_CSSCallback), (2 bytes).
    Removing stm32f1xx_hal_rcc.o(i.HAL_RCC_DeInit), (72 bytes).
    Removing stm32f1xx_hal_rcc.o(i.HAL_RCC_DisableCSS), (28 bytes).
    Removing stm32f1xx_hal_rcc.o(i.HAL_RCC_EnableCSS), (24 bytes).
    Removing stm32f1xx_hal_rcc.o(i.HAL_RCC_GetClockConfig), (64 bytes).
    Removing stm32f1xx_hal_rcc.o(i.HAL_RCC_GetOscConfig), (196 bytes).
    Removing stm32f1xx_hal_rcc.o(i.HAL_RCC_MCOConfig), (72 bytes).
    Removing stm32f1xx_hal_rcc.o(i.HAL_RCC_NMI_IRQHandler), (24 bytes).
    Removing stm32f1xx_hal_gpio.o(.rev16_text), (4 bytes).
    Removing stm32f1xx_hal_gpio.o(.revsh_text), (4 bytes).
    Removing stm32f1xx_hal_gpio.o(.rrx_text), (6 bytes).
    Removing stm32f1xx_hal_gpio.o(i.HAL_GPIO_DeInit), (228 bytes).
    Removing stm32f1xx_hal_gpio.o(i.HAL_GPIO_EXTI_Callback), (2 bytes).
    Removing stm32f1xx_hal_gpio.o(i.HAL_GPIO_EXTI_IRQHandler), (24 bytes).
    Removing stm32f1xx_hal_gpio.o(i.HAL_GPIO_LockPin), (34 bytes).
    Removing stm32f1xx_hal_gpio.o(i.HAL_GPIO_ReadPin), (10 bytes).
    Removing stm32f1xx_hal_gpio.o(i.HAL_GPIO_TogglePin), (8 bytes).
    Removing stm32f1xx_hal_pwr.o(.rev16_text), (4 bytes).
    Removing stm32f1xx_hal_pwr.o(.revsh_text), (4 bytes).
    Removing stm32f1xx_hal_pwr.o(.rrx_text), (6 bytes).
    Removing stm32f1xx_hal_pwr.o(i.HAL_PWR_ConfigPVD), (124 bytes).
    Removing stm32f1xx_hal_pwr.o(i.HAL_PWR_DeInit), (24 bytes).
    Removing stm32f1xx_hal_pwr.o(i.HAL_PWR_DisableBkUpAccess), (28 bytes).
    Removing stm32f1xx_hal_pwr.o(i.HAL_PWR_DisablePVD), (24 bytes).
    Removing stm32f1xx_hal_pwr.o(i.HAL_PWR_DisableSEVOnPend), (16 bytes).
    Removing stm32f1xx_hal_pwr.o(i.HAL_PWR_DisableSleepOnExit), (16 bytes).
    Removing stm32f1xx_hal_pwr.o(i.HAL_PWR_DisableWakeUpPin), (28 bytes).
    Removing stm32f1xx_hal_pwr.o(i.HAL_PWR_EnableBkUpAccess), (24 bytes).
    Removing stm32f1xx_hal_pwr.o(i.HAL_PWR_EnablePVD), (24 bytes).
    Removing stm32f1xx_hal_pwr.o(i.HAL_PWR_EnableSEVOnPend), (16 bytes).
    Removing stm32f1xx_hal_pwr.o(i.HAL_PWR_EnableSleepOnExit), (16 bytes).
    Removing stm32f1xx_hal_pwr.o(i.HAL_PWR_EnableWakeUpPin), (28 bytes).
    Removing stm32f1xx_hal_pwr.o(i.HAL_PWR_EnterSLEEPMode), (32 bytes).
    Removing stm32f1xx_hal_pwr.o(i.HAL_PWR_EnterSTANDBYMode), (32 bytes).
    Removing stm32f1xx_hal_pwr.o(i.HAL_PWR_EnterSTOPMode), (68 bytes).
    Removing stm32f1xx_hal_pwr.o(i.HAL_PWR_PVDCallback), (2 bytes).
    Removing stm32f1xx_hal_pwr.o(i.HAL_PWR_PVD_IRQHandler), (28 bytes).
    Removing stm32f1xx_hal_pwr.o(i.PWR_OverloadWfe), (6 bytes).
    Removing stm32f1xx_hal_tim_ex.o(.rev16_text), (4 bytes).
    Removing stm32f1xx_hal_tim_ex.o(.revsh_text), (4 bytes).
    Removing stm32f1xx_hal_tim_ex.o(.rrx_text), (6 bytes).
    Removing stm32f1xx_hal_tim_ex.o(i.HAL_TIMEx_ConfigBreakDeadTime), (66 bytes).
    Removing stm32f1xx_hal_tim_ex.o(i.HAL_TIMEx_ConfigCommutationEvent), (92 bytes).
    Removing stm32f1xx_hal_tim_ex.o(i.HAL_TIMEx_ConfigCommutationEvent_DMA), (124 bytes).
    Removing stm32f1xx_hal_tim_ex.o(i.HAL_TIMEx_ConfigCommutationEvent_IT), (102 bytes).
    Removing stm32f1xx_hal_tim_ex.o(i.HAL_TIMEx_HallSensor_DeInit), (56 bytes).
    Removing stm32f1xx_hal_tim_ex.o(i.HAL_TIMEx_HallSensor_GetState), (6 bytes).
    Removing stm32f1xx_hal_tim_ex.o(i.HAL_TIMEx_HallSensor_Init), (188 bytes).
    Removing stm32f1xx_hal_tim_ex.o(i.HAL_TIMEx_HallSensor_MspDeInit), (2 bytes).
    Removing stm32f1xx_hal_tim_ex.o(i.HAL_TIMEx_HallSensor_MspInit), (2 bytes).
    Removing stm32f1xx_hal_tim_ex.o(i.HAL_TIMEx_HallSensor_Start), (28 bytes).
    Removing stm32f1xx_hal_tim_ex.o(i.HAL_TIMEx_HallSensor_Start_DMA), (104 bytes).
    Removing stm32f1xx_hal_tim_ex.o(i.HAL_TIMEx_HallSensor_Start_IT), (38 bytes).
    Removing stm32f1xx_hal_tim_ex.o(i.HAL_TIMEx_HallSensor_Stop), (46 bytes).
    Removing stm32f1xx_hal_tim_ex.o(i.HAL_TIMEx_HallSensor_Stop_DMA), (56 bytes).
    Removing stm32f1xx_hal_tim_ex.o(i.HAL_TIMEx_HallSensor_Stop_IT), (56 bytes).
    Removing stm32f1xx_hal_tim_ex.o(i.HAL_TIMEx_OCN_Start), (36 bytes).
    Removing stm32f1xx_hal_tim_ex.o(i.HAL_TIMEx_OCN_Start_DMA), (220 bytes).
    Removing stm32f1xx_hal_tim_ex.o(i.HAL_TIMEx_OCN_Start_IT), (96 bytes).
    Removing stm32f1xx_hal_tim_ex.o(i.HAL_TIMEx_OCN_Stop), (68 bytes).
    Removing stm32f1xx_hal_tim_ex.o(i.HAL_TIMEx_OCN_Stop_DMA), (124 bytes).
    Removing stm32f1xx_hal_tim_ex.o(i.HAL_TIMEx_OCN_Stop_IT), (134 bytes).
    Removing stm32f1xx_hal_tim_ex.o(i.HAL_TIMEx_OnePulseN_Start), (26 bytes).
    Removing stm32f1xx_hal_tim_ex.o(i.HAL_TIMEx_OnePulseN_Start_IT), (46 bytes).
    Removing stm32f1xx_hal_tim_ex.o(i.HAL_TIMEx_OnePulseN_Stop), (68 bytes).
    Removing stm32f1xx_hal_tim_ex.o(i.HAL_TIMEx_OnePulseN_Stop_IT), (88 bytes).
    Removing stm32f1xx_hal_tim_ex.o(i.HAL_TIMEx_PWMN_Start), (36 bytes).
    Removing stm32f1xx_hal_tim_ex.o(i.HAL_TIMEx_PWMN_Start_DMA), (220 bytes).
    Removing stm32f1xx_hal_tim_ex.o(i.HAL_TIMEx_PWMN_Start_IT), (96 bytes).
    Removing stm32f1xx_hal_tim_ex.o(i.HAL_TIMEx_PWMN_Stop), (68 bytes).
    Removing stm32f1xx_hal_tim_ex.o(i.HAL_TIMEx_PWMN_Stop_DMA), (124 bytes).
    Removing stm32f1xx_hal_tim_ex.o(i.HAL_TIMEx_PWMN_Stop_IT), (134 bytes).
    Removing stm32f1xx_hal_tim_ex.o(i.TIMEx_DMACommutationCplt), (16 bytes).
    Removing stm32f1xx_hal_tim_ex.o(i.TIM_CCxNChannelCmd), (22 bytes).
    Removing stm32f1xx_hal_cortex.o(.rev16_text), (4 bytes).
    Removing stm32f1xx_hal_cortex.o(.revsh_text), (4 bytes).
    Removing stm32f1xx_hal_cortex.o(.rrx_text), (6 bytes).
    Removing stm32f1xx_hal_cortex.o(i.HAL_NVIC_DisableIRQ), (22 bytes).
    Removing stm32f1xx_hal_cortex.o(i.HAL_NVIC_GetActive), (32 bytes).
    Removing stm32f1xx_hal_cortex.o(i.HAL_NVIC_GetPendingIRQ), (32 bytes).
    Removing stm32f1xx_hal_cortex.o(i.HAL_NVIC_GetPriority), (82 bytes).
    Removing stm32f1xx_hal_cortex.o(i.HAL_NVIC_GetPriorityGrouping), (16 bytes).
    Removing stm32f1xx_hal_cortex.o(i.HAL_NVIC_SetPendingIRQ), (22 bytes).
    Removing stm32f1xx_hal_cortex.o(i.HAL_NVIC_SystemReset), (36 bytes).
    Removing stm32f1xx_hal_tim.o(.rev16_text), (4 bytes).
    Removing stm32f1xx_hal_tim.o(.revsh_text), (4 bytes).
    Removing stm32f1xx_hal_tim.o(.rrx_text), (6 bytes).
    Removing stm32f1xx_hal_tim.o(i.HAL_TIM_Base_DeInit), (56 bytes).
    Removing stm32f1xx_hal_tim.o(i.HAL_TIM_Base_GetState), (6 bytes).
    Removing stm32f1xx_hal_tim.o(i.HAL_TIM_Base_MspDeInit), (2 bytes).
    Removing stm32f1xx_hal_tim.o(i.HAL_TIM_Base_MspInit), (2 bytes).
    Removing stm32f1xx_hal_tim.o(i.HAL_TIM_Base_Start), (26 bytes).
    Removing stm32f1xx_hal_tim.o(i.HAL_TIM_Base_Start_DMA), (92 bytes).
    Removing stm32f1xx_hal_tim.o(i.HAL_TIM_Base_Start_IT), (24 bytes).
    Removing stm32f1xx_hal_tim.o(i.HAL_TIM_Base_Stop), (44 bytes).
    Removing stm32f1xx_hal_tim.o(i.HAL_TIM_Base_Stop_DMA), (48 bytes).
    Removing stm32f1xx_hal_tim.o(i.HAL_TIM_Base_Stop_IT), (42 bytes).
    Removing stm32f1xx_hal_tim.o(i.HAL_TIM_ConfigOCrefClear), (194 bytes).
    Removing stm32f1xx_hal_tim.o(i.HAL_TIM_ConfigTI1Input), (16 bytes).
    Removing stm32f1xx_hal_tim.o(i.HAL_TIM_DMABurst_ReadStart), (260 bytes).
    Removing stm32f1xx_hal_tim.o(i.HAL_TIM_DMABurst_ReadStop), (96 bytes).
    Removing stm32f1xx_hal_tim.o(i.HAL_TIM_DMABurst_WriteStart), (260 bytes).
    Removing stm32f1xx_hal_tim.o(i.HAL_TIM_DMABurst_WriteStop), (96 bytes).
    Removing stm32f1xx_hal_tim.o(i.HAL_TIM_Encoder_DeInit), (56 bytes).
    Removing stm32f1xx_hal_tim.o(i.HAL_TIM_Encoder_GetState), (6 bytes).
    Removing stm32f1xx_hal_tim.o(i.HAL_TIM_Encoder_Init), (150 bytes).
    Removing stm32f1xx_hal_tim.o(i.HAL_TIM_Encoder_MspDeInit), (2 bytes).
    Removing stm32f1xx_hal_tim.o(i.HAL_TIM_Encoder_MspInit), (2 bytes).
    Removing stm32f1xx_hal_tim.o(i.HAL_TIM_Encoder_Start), (52 bytes).
    Removing stm32f1xx_hal_tim.o(i.HAL_TIM_Encoder_Start_DMA), (272 bytes).
    Removing stm32f1xx_hal_tim.o(i.HAL_TIM_Encoder_Start_IT), (92 bytes).
    Removing stm32f1xx_hal_tim.o(i.HAL_TIM_Encoder_Stop), (70 bytes).
    Removing stm32f1xx_hal_tim.o(i.HAL_TIM_Encoder_Stop_DMA), (116 bytes).
    Removing stm32f1xx_hal_tim.o(i.HAL_TIM_Encoder_Stop_IT), (116 bytes).
    Removing stm32f1xx_hal_tim.o(i.HAL_TIM_ErrorCallback), (2 bytes).
    Removing stm32f1xx_hal_tim.o(i.HAL_TIM_GenerateEvent), (38 bytes).
    Removing stm32f1xx_hal_tim.o(i.HAL_TIM_IC_ConfigChannel), (286 bytes).
    Removing stm32f1xx_hal_tim.o(i.HAL_TIM_IC_DeInit), (56 bytes).
    Removing stm32f1xx_hal_tim.o(i.HAL_TIM_IC_GetState), (6 bytes).
    Removing stm32f1xx_hal_tim.o(i.HAL_TIM_IC_Init), (54 bytes).
    Removing stm32f1xx_hal_tim.o(i.HAL_TIM_IC_MspDeInit), (2 bytes).
    Removing stm32f1xx_hal_tim.o(i.HAL_TIM_IC_MspInit), (2 bytes).
    Removing stm32f1xx_hal_tim.o(i.HAL_TIM_IC_Start), (26 bytes).
    Removing stm32f1xx_hal_tim.o(i.HAL_TIM_IC_Start_DMA), (200 bytes).
    Removing stm32f1xx_hal_tim.o(i.HAL_TIM_IC_Start_IT), (76 bytes).
    Removing stm32f1xx_hal_tim.o(i.HAL_TIM_IC_Stop), (44 bytes).
    Removing stm32f1xx_hal_tim.o(i.HAL_TIM_IC_Stop_DMA), (100 bytes).
    Removing stm32f1xx_hal_tim.o(i.HAL_TIM_IC_Stop_IT), (94 bytes).
    Removing stm32f1xx_hal_tim.o(i.HAL_TIM_OC_ConfigChannel), (86 bytes).
    Removing stm32f1xx_hal_tim.o(i.HAL_TIM_OC_DeInit), (56 bytes).
    Removing stm32f1xx_hal_tim.o(i.HAL_TIM_OC_GetState), (6 bytes).
    Removing stm32f1xx_hal_tim.o(i.HAL_TIM_OC_Init), (54 bytes).
    Removing stm32f1xx_hal_tim.o(i.HAL_TIM_OC_MspDeInit), (2 bytes).
    Removing stm32f1xx_hal_tim.o(i.HAL_TIM_OC_MspInit), (2 bytes).
    Removing stm32f1xx_hal_tim.o(i.HAL_TIM_OC_Start), (48 bytes).
    Removing stm32f1xx_hal_tim.o(i.HAL_TIM_OC_Start_DMA), (228 bytes).
    Removing stm32f1xx_hal_tim.o(i.HAL_TIM_OC_Start_IT), (96 bytes).
    Removing stm32f1xx_hal_tim.o(i.HAL_TIM_OC_Stop), (76 bytes).
    Removing stm32f1xx_hal_tim.o(i.HAL_TIM_OC_Stop_DMA), (132 bytes).
    Removing stm32f1xx_hal_tim.o(i.HAL_TIM_OC_Stop_IT), (128 bytes).
    Removing stm32f1xx_hal_tim.o(i.HAL_TIM_OnePulse_ConfigChannel), (218 bytes).
    Removing stm32f1xx_hal_tim.o(i.HAL_TIM_OnePulse_DeInit), (56 bytes).
    Removing stm32f1xx_hal_tim.o(i.HAL_TIM_OnePulse_GetState), (6 bytes).
    Removing stm32f1xx_hal_tim.o(i.HAL_TIM_OnePulse_Init), (74 bytes).
    Removing stm32f1xx_hal_tim.o(i.HAL_TIM_OnePulse_MspDeInit), (2 bytes).
    Removing stm32f1xx_hal_tim.o(i.HAL_TIM_OnePulse_MspInit), (2 bytes).
    Removing stm32f1xx_hal_tim.o(i.HAL_TIM_OnePulse_Start), (48 bytes).
    Removing stm32f1xx_hal_tim.o(i.HAL_TIM_OnePulse_Start_IT), (68 bytes).
    Removing stm32f1xx_hal_tim.o(i.HAL_TIM_OnePulse_Stop), (88 bytes).
    Removing stm32f1xx_hal_tim.o(i.HAL_TIM_OnePulse_Stop_IT), (108 bytes).
    Removing stm32f1xx_hal_tim.o(i.HAL_TIM_PWM_ConfigChannel), (208 bytes).
    Removing stm32f1xx_hal_tim.o(i.HAL_TIM_PWM_DeInit), (56 bytes).
    Removing stm32f1xx_hal_tim.o(i.HAL_TIM_PWM_GetState), (6 bytes).
    Removing stm32f1xx_hal_tim.o(i.HAL_TIM_PWM_Init), (54 bytes).
    Removing stm32f1xx_hal_tim.o(i.HAL_TIM_PWM_MspDeInit), (2 bytes).
    Removing stm32f1xx_hal_tim.o(i.HAL_TIM_PWM_MspInit), (2 bytes).
    Removing stm32f1xx_hal_tim.o(i.HAL_TIM_PWM_Start), (48 bytes).
    Removing stm32f1xx_hal_tim.o(i.HAL_TIM_PWM_Start_DMA), (228 bytes).
    Removing stm32f1xx_hal_tim.o(i.HAL_TIM_PWM_Start_IT), (96 bytes).
    Removing stm32f1xx_hal_tim.o(i.HAL_TIM_PWM_Stop), (84 bytes).
    Removing stm32f1xx_hal_tim.o(i.HAL_TIM_PWM_Stop_DMA), (132 bytes).
    Removing stm32f1xx_hal_tim.o(i.HAL_TIM_PWM_Stop_IT), (128 bytes).
    Removing stm32f1xx_hal_tim.o(i.HAL_TIM_PeriodElapsedCallback), (2 bytes).
    Removing stm32f1xx_hal_tim.o(i.HAL_TIM_ReadCapturedValue), (68 bytes).
    Removing stm32f1xx_hal_tim.o(i.HAL_TIM_SlaveConfigSynchronization), (66 bytes).
    Removing stm32f1xx_hal_tim.o(i.HAL_TIM_SlaveConfigSynchronization_IT), (66 bytes).
    Removing stm32f1xx_hal_tim.o(i.TIM_CCxChannelCmd), (22 bytes).
    Removing stm32f1xx_hal_tim.o(i.TIM_DMACaptureCplt), (62 bytes).
    Removing stm32f1xx_hal_tim.o(i.TIM_DMADelayPulseCplt), (62 bytes).
    Removing stm32f1xx_hal_tim.o(i.TIM_DMAError), (16 bytes).
    Removing stm32f1xx_hal_tim.o(i.TIM_DMAPeriodElapsedCplt), (16 bytes).
    Removing stm32f1xx_hal_tim.o(i.TIM_DMATriggerCplt), (16 bytes).
    Removing stm32f1xx_hal_tim.o(i.TIM_OC1_SetConfig), (80 bytes).
    Removing stm32f1xx_hal_tim.o(i.TIM_OC2_SetConfig), (88 bytes).
    Removing stm32f1xx_hal_tim.o(i.TIM_OC3_SetConfig), (88 bytes).
    Removing stm32f1xx_hal_tim.o(i.TIM_OC4_SetConfig), (68 bytes).
    Removing stm32f1xx_hal_tim.o(i.TIM_SlaveTimer_SetConfig), (124 bytes).
    Removing stm32f1xx_hal_tim.o(i.TIM_TI1_SetConfig), (100 bytes).
    Removing stm32f1xx_hal_tim.o(i.TIM_TI2_SetConfig), (54 bytes).
    Removing stm32f1xx_hal_rcc_ex.o(.rev16_text), (4 bytes).
    Removing stm32f1xx_hal_rcc_ex.o(.revsh_text), (4 bytes).
    Removing stm32f1xx_hal_rcc_ex.o(.rrx_text), (6 bytes).
    Removing stm32f1xx_hal_rcc_ex.o(i.HAL_RCCEx_DisablePLL2), (136 bytes).
    Removing stm32f1xx_hal_rcc_ex.o(i.HAL_RCCEx_DisablePLLI2S), (120 bytes).
    Removing stm32f1xx_hal_rcc_ex.o(i.HAL_RCCEx_EnablePLL2), (256 bytes).
    Removing stm32f1xx_hal_rcc_ex.o(i.HAL_RCCEx_EnablePLLI2S), (248 bytes).
    Removing stm32f1xx_hal_rcc_ex.o(i.HAL_RCCEx_GetPeriphCLKConfig), (68 bytes).
    Removing stm32f1xx_hal_rcc_ex.o(i.HAL_RCCEx_GetPeriphCLKFreq), (476 bytes).
    Removing stm32f1xx_hal_rcc_ex.o(i.HAL_RCCEx_PeriphCLKConfig), (508 bytes).
    Removing stm32f1xx_hal_dma.o(.rev16_text), (4 bytes).
    Removing stm32f1xx_hal_dma.o(.revsh_text), (4 bytes).
    Removing stm32f1xx_hal_dma.o(.rrx_text), (6 bytes).
    Removing stm32f1xx_hal_dma.o(i.DMA_SetConfig), (30 bytes).
    Removing stm32f1xx_hal_dma.o(i.HAL_DMA_Abort), (86 bytes).
    Removing stm32f1xx_hal_dma.o(i.HAL_DMA_DeInit), (680 bytes).
    Removing stm32f1xx_hal_dma.o(i.HAL_DMA_GetError), (4 bytes).
    Removing stm32f1xx_hal_dma.o(i.HAL_DMA_GetState), (6 bytes).
    Removing stm32f1xx_hal_dma.o(i.HAL_DMA_IRQHandler), (1208 bytes).
    Removing stm32f1xx_hal_dma.o(i.HAL_DMA_Init), (80 bytes).
    Removing stm32f1xx_hal_dma.o(i.HAL_DMA_PollForTransfer), (1148 bytes).
    Removing stm32f1xx_hal_dma.o(i.HAL_DMA_Start), (58 bytes).
    Removing stm32f1xx_hal_dma.o(i.HAL_DMA_Start_IT), (88 bytes).
    Removing stm32f1xx_hal_uart.o(.rev16_text), (4 bytes).
    Removing stm32f1xx_hal_uart.o(.revsh_text), (4 bytes).
    Removing stm32f1xx_hal_uart.o(.rrx_text), (6 bytes).
    Removing stm32f1xx_hal_uart.o(i.HAL_HalfDuplex_EnableReceiver), (46 bytes).
    Removing stm32f1xx_hal_uart.o(i.HAL_HalfDuplex_EnableTransmitter), (48 bytes).
    Removing stm32f1xx_hal_uart.o(i.HAL_HalfDuplex_Init), (104 bytes).
    Removing stm32f1xx_hal_uart.o(i.HAL_LIN_Init), (118 bytes).
    Removing stm32f1xx_hal_uart.o(i.HAL_LIN_SendBreak), (44 bytes).
    Removing stm32f1xx_hal_uart.o(i.HAL_MultiProcessor_EnterMuteMode), (44 bytes).
    Removing stm32f1xx_hal_uart.o(i.HAL_MultiProcessor_ExitMuteMode), (44 bytes).
    Removing stm32f1xx_hal_uart.o(i.HAL_MultiProcessor_Init), (126 bytes).
    Removing stm32f1xx_hal_uart.o(i.HAL_UART_DMAPause), (90 bytes).
    Removing stm32f1xx_hal_uart.o(i.HAL_UART_DMAResume), (104 bytes).
    Removing stm32f1xx_hal_uart.o(i.HAL_UART_DMAStop), (40 bytes).
    Removing stm32f1xx_hal_uart.o(i.HAL_UART_DeInit), (60 bytes).
    Removing stm32f1xx_hal_uart.o(i.HAL_UART_GetError), (4 bytes).
    Removing stm32f1xx_hal_uart.o(i.HAL_UART_GetState), (6 bytes).
    Removing stm32f1xx_hal_uart.o(i.HAL_UART_MspDeInit), (2 bytes).
    Removing stm32f1xx_hal_uart.o(i.HAL_UART_MspInit), (2 bytes).
    Removing stm32f1xx_hal_uart.o(i.HAL_UART_Receive_DMA), (136 bytes).
    Removing stm32f1xx_hal_uart.o(i.HAL_UART_Receive_IT), (106 bytes).
    Removing stm32f1xx_hal_uart.o(i.HAL_UART_RxHalfCpltCallback), (2 bytes).
    Removing stm32f1xx_hal_uart.o(i.HAL_UART_Transmit_DMA), (144 bytes).
    Removing stm32f1xx_hal_uart.o(i.HAL_UART_Transmit_IT), (86 bytes).
    Removing stm32f1xx_hal_uart.o(i.HAL_UART_TxHalfCpltCallback), (2 bytes).
    Removing stm32f1xx_hal_uart.o(i.UART_DMAError), (30 bytes).
    Removing stm32f1xx_hal_uart.o(i.UART_DMAReceiveCplt), (54 bytes).
    Removing stm32f1xx_hal_uart.o(i.UART_DMARxHalfCplt), (10 bytes).
    Removing stm32f1xx_hal_uart.o(i.UART_DMATransmitCplt), (46 bytes).
    Removing stm32f1xx_hal_uart.o(i.UART_DMATxHalfCplt), (10 bytes).
    Removing stm32f1xx_hal_flash_ex.o(.rev16_text), (4 bytes).
    Removing stm32f1xx_hal_flash_ex.o(.revsh_text), (4 bytes).
    Removing stm32f1xx_hal_flash_ex.o(.rrx_text), (6 bytes).
    Removing stm32f1xx_hal_flash_ex.o(i.FLASH_MassErase), (36 bytes).
    Removing stm32f1xx_hal_flash_ex.o(i.FLASH_OB_DisableWRP), (176 bytes).
    Removing stm32f1xx_hal_flash_ex.o(i.FLASH_OB_EnableWRP), (176 bytes).
    Removing stm32f1xx_hal_flash_ex.o(i.FLASH_OB_GetRDP), (24 bytes).
    Removing stm32f1xx_hal_flash_ex.o(i.FLASH_OB_RDP_LevelConfig), (100 bytes).
    Removing stm32f1xx_hal_flash_ex.o(i.FLASH_PageErase), (36 bytes).
    Removing stm32f1xx_hal_flash_ex.o(i.HAL_FLASHEx_Erase), (168 bytes).
    Removing stm32f1xx_hal_flash_ex.o(i.HAL_FLASHEx_Erase_IT), (84 bytes).
    Removing stm32f1xx_hal_flash_ex.o(i.HAL_FLASHEx_OBErase), (84 bytes).
    Removing stm32f1xx_hal_flash_ex.o(i.HAL_FLASHEx_OBGetConfig), (48 bytes).
    Removing stm32f1xx_hal_flash_ex.o(i.HAL_FLASHEx_OBGetUserData), (48 bytes).
    Removing stm32f1xx_hal_flash_ex.o(i.HAL_FLASHEx_OBProgram), (200 bytes).
    Removing main.o(.rev16_text), (4 bytes).
    Removing main.o(.revsh_text), (4 bytes).
    Removing main.o(.rrx_text), (6 bytes).
    Removing stm32f1xx_hal_msp.o(.rev16_text), (4 bytes).
    Removing stm32f1xx_hal_msp.o(.revsh_text), (4 bytes).
    Removing stm32f1xx_hal_msp.o(.rrx_text), (6 bytes).
    Removing tim.o(.rev16_text), (4 bytes).
    Removing tim.o(.revsh_text), (4 bytes).
    Removing tim.o(.rrx_text), (6 bytes).
    Removing tim.o(i.HAL_TIM_Base_MspDeInit), (36 bytes).
    Removing gpio.o(.rev16_text), (4 bytes).
    Removing gpio.o(.revsh_text), (4 bytes).
    Removing gpio.o(.rrx_text), (6 bytes).
    Removing stm32f1xx_it.o(.rev16_text), (4 bytes).
    Removing stm32f1xx_it.o(.revsh_text), (4 bytes).
    Removing stm32f1xx_it.o(.rrx_text), (6 bytes).
    Removing usart.o(.rev16_text), (4 bytes).
    Removing usart.o(.revsh_text), (4 bytes).
    Removing usart.o(.rrx_text), (6 bytes).
    Removing usart.o(i.HAL_UART_MspDeInit), (56 bytes).
    Removing system_stm32f1xx.o(.rev16_text), (4 bytes).
    Removing system_stm32f1xx.o(.revsh_text), (4 bytes).
    Removing system_stm32f1xx.o(.rrx_text), (6 bytes).
    Removing system_stm32f1xx.o(i.SystemCoreClockUpdate), (164 bytes).
    Removing system_stm32f1xx.o(.constdata), (16 bytes).
    Removing mbascii.o(.rev16_text), (4 bytes).
    Removing mbascii.o(.revsh_text), (4 bytes).
    Removing mbascii.o(.rrx_text), (6 bytes).
    Removing mbfunccoils.o(.rev16_text), (4 bytes).
    Removing mbfunccoils.o(.revsh_text), (4 bytes).
    Removing mbfunccoils.o(.rrx_text), (6 bytes).
    Removing mbfuncdisc.o(.rev16_text), (4 bytes).
    Removing mbfuncdisc.o(.revsh_text), (4 bytes).
    Removing mbfuncdisc.o(.rrx_text), (6 bytes).
    Removing mbfuncholding.o(.rev16_text), (4 bytes).
    Removing mbfuncholding.o(.revsh_text), (4 bytes).
    Removing mbfuncholding.o(.rrx_text), (6 bytes).
    Removing mbfuncinput.o(.rev16_text), (4 bytes).
    Removing mbfuncinput.o(.revsh_text), (4 bytes).
    Removing mbfuncinput.o(.rrx_text), (6 bytes).
    Removing mbfuncother.o(.rev16_text), (4 bytes).
    Removing mbfuncother.o(.revsh_text), (4 bytes).
    Removing mbfuncother.o(.rrx_text), (6 bytes).
    Removing mbfuncother.o(i.eMBSetSlaveID), (72 bytes).
    Removing mbutils.o(.rev16_text), (4 bytes).
    Removing mbutils.o(.revsh_text), (4 bytes).
    Removing mbutils.o(.rrx_text), (6 bytes).
    Removing mbutils.o(i.xMBUtilGetBits), (34 bytes).
    Removing mbutils.o(i.xMBUtilSetBits), (50 bytes).
    Removing mbcrc.o(.rev16_text), (4 bytes).
    Removing mbcrc.o(.revsh_text), (4 bytes).
    Removing mbcrc.o(.rrx_text), (6 bytes).
    Removing mbrtu.o(.rev16_text), (4 bytes).
    Removing mbrtu.o(.revsh_text), (4 bytes).
    Removing mbrtu.o(.rrx_text), (6 bytes).
    Removing mbtcp.o(.rev16_text), (4 bytes).
    Removing mbtcp.o(.revsh_text), (4 bytes).
    Removing mbtcp.o(.rrx_text), (6 bytes).
    Removing mb.o(.rev16_text), (4 bytes).
    Removing mb.o(.revsh_text), (4 bytes).
    Removing mb.o(.rrx_text), (6 bytes).
    Removing mb.o(i.eMBClose), (32 bytes).
    Removing mb.o(i.eMBDisable), (32 bytes).
    Removing mb.o(i.eMBRegisterCB), (108 bytes).
    Removing mb.o(.data), (4 bytes).
    Removing mb.o(.data), (4 bytes).
    Removing portevent.o(.rev16_text), (4 bytes).
    Removing portevent.o(.revsh_text), (4 bytes).
    Removing portevent.o(.rrx_text), (6 bytes).
    Removing portserial.o(.rev16_text), (4 bytes).
    Removing portserial.o(.revsh_text), (4 bytes).
    Removing portserial.o(.rrx_text), (6 bytes).
    Removing porttimer.o(.rev16_text), (4 bytes).
    Removing porttimer.o(.revsh_text), (4 bytes).
    Removing porttimer.o(.rrx_text), (6 bytes).
    Removing modbus_deal.o(.rev16_text), (4 bytes).
    Removing modbus_deal.o(.revsh_text), (4 bytes).
    Removing modbus_deal.o(.rrx_text), (6 bytes).

364 unused section(s) (total 21506 bytes) removed from the image.

==============================================================================

Image Symbol Table

    Local Symbols

    Symbol Name                              Value     Ov Type        Size  Object(Section)

    ../Drivers/CMSIS/Device/ST/STM32F1xx/Source/Templates/system_stm32f1xx.c 0x00000000   Number         0  system_stm32f1xx.o ABSOLUTE
    ../Drivers/STM32F1xx_HAL_Driver/Src/stm32f1xx_hal.c 0x00000000   Number         0  stm32f1xx_hal.o ABSOLUTE
    ../Drivers/STM32F1xx_HAL_Driver/Src/stm32f1xx_hal_cortex.c 0x00000000   Number         0  stm32f1xx_hal_cortex.o ABSOLUTE
    ../Drivers/STM32F1xx_HAL_Driver/Src/stm32f1xx_hal_dma.c 0x00000000   Number         0  stm32f1xx_hal_dma.o ABSOLUTE
    ../Drivers/STM32F1xx_HAL_Driver/Src/stm32f1xx_hal_flash.c 0x00000000   Number         0  stm32f1xx_hal_flash.o ABSOLUTE
    ../Drivers/STM32F1xx_HAL_Driver/Src/stm32f1xx_hal_flash_ex.c 0x00000000   Number         0  stm32f1xx_hal_flash_ex.o ABSOLUTE
    ../Drivers/STM32F1xx_HAL_Driver/Src/stm32f1xx_hal_gpio.c 0x00000000   Number         0  stm32f1xx_hal_gpio.o ABSOLUTE
    ../Drivers/STM32F1xx_HAL_Driver/Src/stm32f1xx_hal_pwr.c 0x00000000   Number         0  stm32f1xx_hal_pwr.o ABSOLUTE
    ../Drivers/STM32F1xx_HAL_Driver/Src/stm32f1xx_hal_rcc.c 0x00000000   Number         0  stm32f1xx_hal_rcc.o ABSOLUTE
    ../Drivers/STM32F1xx_HAL_Driver/Src/stm32f1xx_hal_rcc_ex.c 0x00000000   Number         0  stm32f1xx_hal_rcc_ex.o ABSOLUTE
    ../Drivers/STM32F1xx_HAL_Driver/Src/stm32f1xx_hal_tim.c 0x00000000   Number         0  stm32f1xx_hal_tim.o ABSOLUTE
    ../Drivers/STM32F1xx_HAL_Driver/Src/stm32f1xx_hal_tim_ex.c 0x00000000   Number         0  stm32f1xx_hal_tim_ex.o ABSOLUTE
    ../Drivers/STM32F1xx_HAL_Driver/Src/stm32f1xx_hal_uart.c 0x00000000   Number         0  stm32f1xx_hal_uart.o ABSOLUTE
    ../Src/gpio.c                            0x00000000   Number         0  gpio.o ABSOLUTE
    ../Src/main.c                            0x00000000   Number         0  main.o ABSOLUTE
    ../Src/stm32f1xx_hal_msp.c               0x00000000   Number         0  stm32f1xx_hal_msp.o ABSOLUTE
    ../Src/stm32f1xx_it.c                    0x00000000   Number         0  stm32f1xx_it.o ABSOLUTE
    ../Src/tim.c                             0x00000000   Number         0  tim.o ABSOLUTE
    ../Src/usart.c                           0x00000000   Number         0  usart.o ABSOLUTE
    ../clib/microlib/init/entry.s            0x00000000   Number         0  entry8b.o ABSOLUTE
    ../clib/microlib/init/entry.s            0x00000000   Number         0  entry8a.o ABSOLUTE
    ../clib/microlib/init/entry.s            0x00000000   Number         0  entry7b.o ABSOLUTE
    ../clib/microlib/init/entry.s            0x00000000   Number         0  entry7a.o ABSOLUTE
    ../clib/microlib/init/entry.s            0x00000000   Number         0  entry11b.o ABSOLUTE
    ../clib/microlib/init/entry.s            0x00000000   Number         0  entry.o ABSOLUTE
    ../clib/microlib/init/entry.s            0x00000000   Number         0  entry11a.o ABSOLUTE
    ../clib/microlib/init/entry.s            0x00000000   Number         0  entry2.o ABSOLUTE
    ../clib/microlib/init/entry.s            0x00000000   Number         0  entry10b.o ABSOLUTE
    ../clib/microlib/init/entry.s            0x00000000   Number         0  entry5.o ABSOLUTE
    ../clib/microlib/init/entry.s            0x00000000   Number         0  entry10a.o ABSOLUTE
    ../clib/microlib/init/entry.s            0x00000000   Number         0  entry9b.o ABSOLUTE
    ../clib/microlib/init/entry.s            0x00000000   Number         0  entry9a.o ABSOLUTE
    ../clib/microlib/longlong.c              0x00000000   Number         0  llushr.o ABSOLUTE
    ../clib/microlib/stdlib/abort.c          0x00000000   Number         0  abort.o ABSOLUTE
    ../clib/microlib/string/memcpy.c         0x00000000   Number         0  memcpya.o ABSOLUTE
    ../clib/microlib/string/memcpy.c         0x00000000   Number         0  memcpyb.o ABSOLUTE
    ..\Drivers\CMSIS\Device\ST\STM32F1xx\Source\Templates\system_stm32f1xx.c 0x00000000   Number         0  system_stm32f1xx.o ABSOLUTE
    ..\Drivers\STM32F1xx_HAL_Driver\Src\stm32f1xx_hal.c 0x00000000   Number         0  stm32f1xx_hal.o ABSOLUTE
    ..\Drivers\STM32F1xx_HAL_Driver\Src\stm32f1xx_hal_cortex.c 0x00000000   Number         0  stm32f1xx_hal_cortex.o ABSOLUTE
    ..\Drivers\STM32F1xx_HAL_Driver\Src\stm32f1xx_hal_dma.c 0x00000000   Number         0  stm32f1xx_hal_dma.o ABSOLUTE
    ..\Drivers\STM32F1xx_HAL_Driver\Src\stm32f1xx_hal_flash.c 0x00000000   Number         0  stm32f1xx_hal_flash.o ABSOLUTE
    ..\Drivers\STM32F1xx_HAL_Driver\Src\stm32f1xx_hal_flash_ex.c 0x00000000   Number         0  stm32f1xx_hal_flash_ex.o ABSOLUTE
    ..\Drivers\STM32F1xx_HAL_Driver\Src\stm32f1xx_hal_gpio.c 0x00000000   Number         0  stm32f1xx_hal_gpio.o ABSOLUTE
    ..\Drivers\STM32F1xx_HAL_Driver\Src\stm32f1xx_hal_pwr.c 0x00000000   Number         0  stm32f1xx_hal_pwr.o ABSOLUTE
    ..\Drivers\STM32F1xx_HAL_Driver\Src\stm32f1xx_hal_rcc.c 0x00000000   Number         0  stm32f1xx_hal_rcc.o ABSOLUTE
    ..\Drivers\STM32F1xx_HAL_Driver\Src\stm32f1xx_hal_rcc_ex.c 0x00000000   Number         0  stm32f1xx_hal_rcc_ex.o ABSOLUTE
    ..\Drivers\STM32F1xx_HAL_Driver\Src\stm32f1xx_hal_tim.c 0x00000000   Number         0  stm32f1xx_hal_tim.o ABSOLUTE
    ..\Drivers\STM32F1xx_HAL_Driver\Src\stm32f1xx_hal_tim_ex.c 0x00000000   Number         0  stm32f1xx_hal_tim_ex.o ABSOLUTE
    ..\Drivers\STM32F1xx_HAL_Driver\Src\stm32f1xx_hal_uart.c 0x00000000   Number         0  stm32f1xx_hal_uart.o ABSOLUTE
    ..\Inc\modbus\ascii\mbascii.c            0x00000000   Number         0  mbascii.o ABSOLUTE
    ..\Inc\modbus\functions\mbfunccoils.c    0x00000000   Number         0  mbfunccoils.o ABSOLUTE
    ..\Inc\modbus\functions\mbfuncdiag.c     0x00000000   Number         0  mbfuncdiag.o ABSOLUTE
    ..\Inc\modbus\functions\mbfuncdisc.c     0x00000000   Number         0  mbfuncdisc.o ABSOLUTE
    ..\Inc\modbus\functions\mbfuncholding.c  0x00000000   Number         0  mbfuncholding.o ABSOLUTE
    ..\Inc\modbus\functions\mbfuncinput.c    0x00000000   Number         0  mbfuncinput.o ABSOLUTE
    ..\Inc\modbus\functions\mbfuncother.c    0x00000000   Number         0  mbfuncother.o ABSOLUTE
    ..\Inc\modbus\functions\mbutils.c        0x00000000   Number         0  mbutils.o ABSOLUTE
    ..\Inc\modbus\mb.c                       0x00000000   Number         0  mb.o ABSOLUTE
    ..\Inc\modbus\rtu\mbcrc.c                0x00000000   Number         0  mbcrc.o ABSOLUTE
    ..\Inc\modbus\rtu\mbrtu.c                0x00000000   Number         0  mbrtu.o ABSOLUTE
    ..\Inc\modbus\tcp\mbtcp.c                0x00000000   Number         0  mbtcp.o ABSOLUTE
    ..\Inc\modbus_user\portevent.c           0x00000000   Number         0  portevent.o ABSOLUTE
    ..\Inc\modbus_user\portserial.c          0x00000000   Number         0  portserial.o ABSOLUTE
    ..\Inc\modbus_user\porttimer.c           0x00000000   Number         0  porttimer.o ABSOLUTE
    ..\Src\gpio.c                            0x00000000   Number         0  gpio.o ABSOLUTE
    ..\Src\main.c                            0x00000000   Number         0  main.o ABSOLUTE
    ..\Src\stm32f1xx_hal_msp.c               0x00000000   Number         0  stm32f1xx_hal_msp.o ABSOLUTE
    ..\Src\stm32f1xx_it.c                    0x00000000   Number         0  stm32f1xx_it.o ABSOLUTE
    ..\Src\tim.c                             0x00000000   Number         0  tim.o ABSOLUTE
    ..\Src\usart.c                           0x00000000   Number         0  usart.o ABSOLUTE
    ..\\Inc\\modbus\\ascii\\mbascii.c        0x00000000   Number         0  mbascii.o ABSOLUTE
    ..\\Inc\\modbus\\functions\\mbfunccoils.c 0x00000000   Number         0  mbfunccoils.o ABSOLUTE
    ..\\Inc\\modbus\\functions\\mbfuncdisc.c 0x00000000   Number         0  mbfuncdisc.o ABSOLUTE
    ..\\Inc\\modbus\\functions\\mbfuncholding.c 0x00000000   Number         0  mbfuncholding.o ABSOLUTE
    ..\\Inc\\modbus\\functions\\mbfuncinput.c 0x00000000   Number         0  mbfuncinput.o ABSOLUTE
    ..\\Inc\\modbus\\functions\\mbfuncother.c 0x00000000   Number         0  mbfuncother.o ABSOLUTE
    ..\\Inc\\modbus\\functions\\mbutils.c    0x00000000   Number         0  mbutils.o ABSOLUTE
    ..\\Inc\\modbus\\mb.c                    0x00000000   Number         0  mb.o ABSOLUTE
    ..\\Inc\\modbus\\rtu\\mbcrc.c            0x00000000   Number         0  mbcrc.o ABSOLUTE
    ..\\Inc\\modbus\\rtu\\mbrtu.c            0x00000000   Number         0  mbrtu.o ABSOLUTE
    ..\\Inc\\modbus\\tcp\\mbtcp.c            0x00000000   Number         0  mbtcp.o ABSOLUTE
    ..\\Inc\\modbus_user\\portevent.c        0x00000000   Number         0  portevent.o ABSOLUTE
    ..\\Inc\\modbus_user\\portserial.c       0x00000000   Number         0  portserial.o ABSOLUTE
    ..\\Inc\\modbus_user\\porttimer.c        0x00000000   Number         0  porttimer.o ABSOLUTE
    ..\\user_modbus\\modbus_deal.c           0x00000000   Number         0  modbus_deal.o ABSOLUTE
    ..\user_modbus\modbus_deal.c             0x00000000   Number         0  modbus_deal.o ABSOLUTE
    dc.s                                     0x00000000   Number         0  dc.o ABSOLUTE
    handlers.s                               0x00000000   Number         0  handlers.o ABSOLUTE
    init.s                                   0x00000000   Number         0  init.o ABSOLUTE
    startup_stm32f107xc.s                    0x00000000   Number         0  startup_stm32f107xc.o ABSOLUTE
    RESET                                    0x08000000   Section      336  startup_stm32f107xc.o(RESET)
    .ARM.Collect$$$$00000000                 0x08000150   Section        0  entry.o(.ARM.Collect$$$$00000000)
    .ARM.Collect$$$$00000001                 0x08000150   Section        4  entry2.o(.ARM.Collect$$$$00000001)
    .ARM.Collect$$$$00000004                 0x08000154   Section        4  entry5.o(.ARM.Collect$$$$00000004)
    .ARM.Collect$$$$00000008                 0x08000158   Section        0  entry7b.o(.ARM.Collect$$$$00000008)
    .ARM.Collect$$$$0000000A                 0x08000158   Section        0  entry8b.o(.ARM.Collect$$$$0000000A)
    .ARM.Collect$$$$0000000B                 0x08000158   Section        8  entry9a.o(.ARM.Collect$$$$0000000B)
    .ARM.Collect$$$$0000000D                 0x08000160   Section        0  entry10a.o(.ARM.Collect$$$$0000000D)
    .ARM.Collect$$$$0000000F                 0x08000160   Section        0  entry11a.o(.ARM.Collect$$$$0000000F)
    .ARM.Collect$$$$00002712                 0x08000160   Section        4  entry2.o(.ARM.Collect$$$$00002712)
    __lit__00000000                          0x08000160   Data           4  entry2.o(.ARM.Collect$$$$00002712)
    .text                                    0x08000164   Section       36  startup_stm32f107xc.o(.text)
    .text                                    0x08000188   Section        0  memcpya.o(.text)
    .text                                    0x080001ac   Section       36  init.o(.text)
    i.DebugMon_Handler                       0x080001d0   Section        0  stm32f1xx_it.o(i.DebugMon_Handler)
    i.HAL_Delay                              0x080001d2   Section        0  stm32f1xx_hal.o(i.HAL_Delay)
    i.HAL_GPIO_Init                          0x080001e8   Section        0  stm32f1xx_hal_gpio.o(i.HAL_GPIO_Init)
    i.HAL_GPIO_WritePin                      0x080003a4   Section        0  stm32f1xx_hal_gpio.o(i.HAL_GPIO_WritePin)
    i.HAL_GetTick                            0x080003b0   Section        0  stm32f1xx_hal.o(i.HAL_GetTick)
    i.HAL_IncTick                            0x080003bc   Section        0  stm32f1xx_hal.o(i.HAL_IncTick)
    i.HAL_Init                               0x080003cc   Section        0  stm32f1xx_hal.o(i.HAL_Init)
    i.HAL_InitTick                           0x080003f0   Section        0  stm32f1xx_hal.o(i.HAL_InitTick)
    i.HAL_MspInit                            0x08000414   Section        0  stm32f1xx_hal_msp.o(i.HAL_MspInit)
    i.HAL_NVIC_ClearPendingIRQ               0x08000470   Section        0  stm32f1xx_hal_cortex.o(i.HAL_NVIC_ClearPendingIRQ)
    i.HAL_NVIC_EnableIRQ                     0x08000486   Section        0  stm32f1xx_hal_cortex.o(i.HAL_NVIC_EnableIRQ)
    i.HAL_NVIC_SetPriority                   0x0800049c   Section        0  stm32f1xx_hal_cortex.o(i.HAL_NVIC_SetPriority)
    i.HAL_NVIC_SetPriorityGrouping           0x080004dc   Section        0  stm32f1xx_hal_cortex.o(i.HAL_NVIC_SetPriorityGrouping)
    i.HAL_RCC_ClockConfig                    0x08000500   Section        0  stm32f1xx_hal_rcc.o(i.HAL_RCC_ClockConfig)
    i.HAL_RCC_GetHCLKFreq                    0x08000788   Section        0  stm32f1xx_hal_rcc.o(i.HAL_RCC_GetHCLKFreq)
    i.HAL_RCC_GetPCLK1Freq                   0x080007bc   Section        0  stm32f1xx_hal_rcc.o(i.HAL_RCC_GetPCLK1Freq)
    i.HAL_RCC_GetPCLK2Freq                   0x080007e8   Section        0  stm32f1xx_hal_rcc.o(i.HAL_RCC_GetPCLK2Freq)
    i.HAL_RCC_GetSysClockFreq                0x08000814   Section        0  stm32f1xx_hal_rcc.o(i.HAL_RCC_GetSysClockFreq)
    i.HAL_RCC_OscConfig                      0x080008f8   Section        0  stm32f1xx_hal_rcc.o(i.HAL_RCC_OscConfig)
    i.HAL_SYSTICK_CLKSourceConfig            0x08001092   Section        0  stm32f1xx_hal_cortex.o(i.HAL_SYSTICK_CLKSourceConfig)
    i.HAL_SYSTICK_Callback                   0x080010aa   Section        0  stm32f1xx_hal_cortex.o(i.HAL_SYSTICK_Callback)
    i.HAL_SYSTICK_Config                     0x080010ac   Section        0  stm32f1xx_hal_cortex.o(i.HAL_SYSTICK_Config)
    i.HAL_SYSTICK_IRQHandler                 0x080010d4   Section        0  stm32f1xx_hal_cortex.o(i.HAL_SYSTICK_IRQHandler)
    i.HAL_TIMEx_BreakCallback                0x080010dc   Section        0  stm32f1xx_hal_tim_ex.o(i.HAL_TIMEx_BreakCallback)
    i.HAL_TIMEx_CommutationCallback          0x080010de   Section        0  stm32f1xx_hal_tim_ex.o(i.HAL_TIMEx_CommutationCallback)
    i.HAL_TIMEx_MasterConfigSynchronization  0x080010e0   Section        0  stm32f1xx_hal_tim_ex.o(i.HAL_TIMEx_MasterConfigSynchronization)
    i.HAL_TIM_Base_Init                      0x08001130   Section        0  stm32f1xx_hal_tim.o(i.HAL_TIM_Base_Init)
    i.HAL_TIM_Base_MspInit                   0x08001168   Section        0  tim.o(i.HAL_TIM_Base_MspInit)
    i.HAL_TIM_ConfigClockSource              0x080011a4   Section        0  stm32f1xx_hal_tim.o(i.HAL_TIM_ConfigClockSource)
    i.HAL_TIM_IC_CaptureCallback             0x08001296   Section        0  stm32f1xx_hal_tim.o(i.HAL_TIM_IC_CaptureCallback)
    i.HAL_TIM_IRQHandler                     0x08001298   Section        0  stm32f1xx_hal_tim.o(i.HAL_TIM_IRQHandler)
    i.HAL_TIM_OC_DelayElapsedCallback        0x080013fe   Section        0  stm32f1xx_hal_tim.o(i.HAL_TIM_OC_DelayElapsedCallback)
    i.HAL_TIM_PWM_PulseFinishedCallback      0x08001400   Section        0  stm32f1xx_hal_tim.o(i.HAL_TIM_PWM_PulseFinishedCallback)
    i.HAL_TIM_PeriodElapsedCallback          0x08001402   Section        0  stm32f1xx_it.o(i.HAL_TIM_PeriodElapsedCallback)
    i.HAL_TIM_TriggerCallback                0x08001406   Section        0  stm32f1xx_hal_tim.o(i.HAL_TIM_TriggerCallback)
    i.HAL_UART_ErrorCallback                 0x08001408   Section        0  stm32f1xx_hal_uart.o(i.HAL_UART_ErrorCallback)
    i.HAL_UART_IRQHandler                    0x0800140c   Section        0  stm32f1xx_hal_uart.o(i.HAL_UART_IRQHandler)
    i.HAL_UART_Init                          0x080014e6   Section        0  stm32f1xx_hal_uart.o(i.HAL_UART_Init)
    i.HAL_UART_MspInit                       0x08001544   Section        0  usart.o(i.HAL_UART_MspInit)
    i.HAL_UART_Receive                       0x080015b0   Section        0  stm32f1xx_hal_uart.o(i.HAL_UART_Receive)
    i.HAL_UART_RxCpltCallback                0x0800167c   Section        0  stm32f1xx_hal_uart.o(i.HAL_UART_RxCpltCallback)
    i.HAL_UART_Transmit                      0x08001680   Section        0  stm32f1xx_hal_uart.o(i.HAL_UART_Transmit)
    i.HAL_UART_TxCpltCallback                0x0800174c   Section        0  stm32f1xx_hal_uart.o(i.HAL_UART_TxCpltCallback)
    i.MX_GPIO_Init                           0x08001750   Section        0  gpio.o(i.MX_GPIO_Init)
    i.MX_TIM4_Init                           0x080017e4   Section        0  tim.o(i.MX_TIM4_Init)
    i.MX_USART1_UART_Init                    0x0800182c   Section        0  usart.o(i.MX_USART1_UART_Init)
    i.NVIC_SetPriority                       0x08001854   Section        0  stm32f1xx_hal_cortex.o(i.NVIC_SetPriority)
    NVIC_SetPriority                         0x08001855   Thumb Code    32  stm32f1xx_hal_cortex.o(i.NVIC_SetPriority)
    i.SysTick_Handler                        0x08001874   Section        0  stm32f1xx_it.o(i.SysTick_Handler)
    i.SystemClock_Config                     0x08001884   Section        0  main.o(i.SystemClock_Config)
    i.SystemInit                             0x08001904   Section        0  system_stm32f1xx.o(i.SystemInit)
    i.TIM4_IRQHandler                        0x08001958   Section        0  stm32f1xx_it.o(i.TIM4_IRQHandler)
    i.TIM_Base_SetConfig                     0x08001970   Section        0  stm32f1xx_hal_tim.o(i.TIM_Base_SetConfig)
    i.TIM_ETR_SetConfig                      0x080019e4   Section        0  stm32f1xx_hal_tim.o(i.TIM_ETR_SetConfig)
    TIM_ETR_SetConfig                        0x080019e5   Thumb Code    20  stm32f1xx_hal_tim.o(i.TIM_ETR_SetConfig)
    i.TIM_ITRx_SetConfig                     0x080019f8   Section        0  stm32f1xx_hal_tim.o(i.TIM_ITRx_SetConfig)
    TIM_ITRx_SetConfig                       0x080019f9   Thumb Code    16  stm32f1xx_hal_tim.o(i.TIM_ITRx_SetConfig)
    i.TIM_TI1_ConfigInputStage               0x08001a08   Section        0  stm32f1xx_hal_tim.o(i.TIM_TI1_ConfigInputStage)
    TIM_TI1_ConfigInputStage                 0x08001a09   Thumb Code    34  stm32f1xx_hal_tim.o(i.TIM_TI1_ConfigInputStage)
    i.TIM_TI2_ConfigInputStage               0x08001a2a   Section        0  stm32f1xx_hal_tim.o(i.TIM_TI2_ConfigInputStage)
    TIM_TI2_ConfigInputStage                 0x08001a2b   Thumb Code    36  stm32f1xx_hal_tim.o(i.TIM_TI2_ConfigInputStage)
    i.UART_Receive_IT                        0x08001a50   Section        0  stm32f1xx_hal_uart.o(i.UART_Receive_IT)
    UART_Receive_IT                          0x08001a51   Thumb Code   168  stm32f1xx_hal_uart.o(i.UART_Receive_IT)
    i.UART_SetConfig                         0x08001af8   Section        0  stm32f1xx_hal_uart.o(i.UART_SetConfig)
    UART_SetConfig                           0x08001af9   Thumb Code   220  stm32f1xx_hal_uart.o(i.UART_SetConfig)
    i.UART_Transmit_IT                       0x08001bd8   Section        0  stm32f1xx_hal_uart.o(i.UART_Transmit_IT)
    UART_Transmit_IT                         0x08001bd9   Thumb Code   102  stm32f1xx_hal_uart.o(i.UART_Transmit_IT)
    i.UART_WaitOnFlagUntilTimeout            0x08001c3e   Section        0  stm32f1xx_hal_uart.o(i.UART_WaitOnFlagUntilTimeout)
    UART_WaitOnFlagUntilTimeout              0x08001c3f   Thumb Code   146  stm32f1xx_hal_uart.o(i.UART_WaitOnFlagUntilTimeout)
    i.USART1_IRQHandler                      0x08001cd0   Section        0  stm32f1xx_it.o(i.USART1_IRQHandler)
    i.UsageFault_Handler                     0x08001d00   Section        0  stm32f1xx_it.o(i.UsageFault_Handler)
    i.__scatterload_copy                     0x08001d02   Section       14  handlers.o(i.__scatterload_copy)
    i.__scatterload_null                     0x08001d10   Section        2  handlers.o(i.__scatterload_null)
    i.__scatterload_zeroinit                 0x08001d12   Section       14  handlers.o(i.__scatterload_zeroinit)
    i.eMBASCIIInit                           0x08001d20   Section        0  mbascii.o(i.eMBASCIIInit)
    i.eMBASCIIReceive                        0x08001d5c   Section        0  mbascii.o(i.eMBASCIIReceive)
    i.eMBASCIISend                           0x08001db0   Section        0  mbascii.o(i.eMBASCIISend)
    i.eMBASCIIStart                          0x08001e04   Section        0  mbascii.o(i.eMBASCIIStart)
    i.eMBASCIIStop                           0x08001e28   Section        0  mbascii.o(i.eMBASCIIStop)
    i.eMBEnable                              0x08001e44   Section        0  mb.o(i.eMBEnable)
    i.eMBFuncReadCoils                       0x08001e64   Section        0  mbfunccoils.o(i.eMBFuncReadCoils)
    i.eMBFuncReadDiscreteInputs              0x08001ed6   Section        0  mbfuncdisc.o(i.eMBFuncReadDiscreteInputs)
    i.eMBFuncReadHoldingRegister             0x08001f48   Section        0  mbfuncholding.o(i.eMBFuncReadHoldingRegister)
    i.eMBFuncReadInputRegister               0x08001fb2   Section        0  mbfuncinput.o(i.eMBFuncReadInputRegister)
    i.eMBFuncReadWriteMultipleHoldingRegister 0x08002010   Section        0  mbfuncholding.o(i.eMBFuncReadWriteMultipleHoldingRegister)
    i.eMBFuncReportSlaveID                   0x080020c0   Section        0  mbfuncother.o(i.eMBFuncReportSlaveID)
    i.eMBFuncWriteCoil                       0x080020e4   Section        0  mbfunccoils.o(i.eMBFuncWriteCoil)
    i.eMBFuncWriteHoldingRegister            0x0800213a   Section        0  mbfuncholding.o(i.eMBFuncWriteHoldingRegister)
    i.eMBFuncWriteMultipleCoils              0x08002172   Section        0  mbfunccoils.o(i.eMBFuncWriteMultipleCoils)
    i.eMBFuncWriteMultipleHoldingRegister    0x080021d6   Section        0  mbfuncholding.o(i.eMBFuncWriteMultipleHoldingRegister)
    i.eMBInit                                0x0800222c   Section        0  mb.o(i.eMBInit)
    i.eMBPoll                                0x080022f4   Section        0  mb.o(i.eMBPoll)
    i.eMBRTUInit                             0x080023a8   Section        0  mbrtu.o(i.eMBRTUInit)
    i.eMBRTUReceive                          0x080023f0   Section        0  mbrtu.o(i.eMBRTUReceive)
    i.eMBRTUSend                             0x0800244c   Section        0  mbrtu.o(i.eMBRTUSend)
    i.eMBRTUStart                            0x080024b0   Section        0  mbrtu.o(i.eMBRTUStart)
    i.eMBRTUStop                             0x080024d4   Section        0  mbrtu.o(i.eMBRTUStop)
    i.eMBRegCoilsCB                          0x080024f0   Section        0  modbus_deal.o(i.eMBRegCoilsCB)
    i.eMBRegDiscreteCB                       0x080024f4   Section        0  modbus_deal.o(i.eMBRegDiscreteCB)
    i.eMBRegHoldingCB                        0x080024f8   Section        0  modbus_deal.o(i.eMBRegHoldingCB)
    i.eMBRegInputCB                          0x08002528   Section        0  modbus_deal.o(i.eMBRegInputCB)
    i.main                                   0x0800252c   Section        0  main.o(i.main)
    i.prveMBError2Exception                  0x0800255e   Section        0  mbutils.o(i.prveMBError2Exception)
    i.prvucMBBIN2CHAR                        0x08002576   Section        0  mbascii.o(i.prvucMBBIN2CHAR)
    prvucMBBIN2CHAR                          0x08002577   Thumb Code    28  mbascii.o(i.prvucMBBIN2CHAR)
    i.prvucMBLRC                             0x08002592   Section        0  mbascii.o(i.prvucMBLRC)
    prvucMBLRC                               0x08002593   Thumb Code    24  mbascii.o(i.prvucMBLRC)
    i.prvvTIMERExpiredISR                    0x080025ac   Section        0  porttimer.o(i.prvvTIMERExpiredISR)
    i.prvvUARTRxISR                          0x080025b8   Section        0  portserial.o(i.prvvUARTRxISR)
    i.prvvUARTTxReadyISR                     0x080025c4   Section        0  portserial.o(i.prvvUARTTxReadyISR)
    i.usMBCRC16                              0x080025d0   Section        0  mbcrc.o(i.usMBCRC16)
    i.vMBPortSerialEnable                    0x080025fc   Section        0  portserial.o(i.vMBPortSerialEnable)
    i.vMBPortTimersDisable                   0x0800262c   Section        0  porttimer.o(i.vMBPortTimersDisable)
    i.vMBPortTimersEnable                    0x08002668   Section        0  porttimer.o(i.vMBPortTimersEnable)
    i.xMBASCIIReceiveFSM                     0x08002694   Section        0  mbascii.o(i.xMBASCIIReceiveFSM)
    i.xMBASCIITimerT1SExpired                0x08002778   Section        0  mbascii.o(i.xMBASCIITimerT1SExpired)
    i.xMBASCIITransmitFSM                    0x080027a8   Section        0  mbascii.o(i.xMBASCIITransmitFSM)
    i.xMBPortEventGet                        0x08002854   Section        0  portevent.o(i.xMBPortEventGet)
    i.xMBPortEventInit                       0x08002870   Section        0  portevent.o(i.xMBPortEventInit)
    i.xMBPortEventPost                       0x08002880   Section        0  portevent.o(i.xMBPortEventPost)
    i.xMBPortSerialGetByte                   0x08002890   Section        0  portserial.o(i.xMBPortSerialGetByte)
    i.xMBPortSerialInit                      0x080028ac   Section        0  portserial.o(i.xMBPortSerialInit)
    i.xMBPortSerialPutByte                   0x080028b0   Section        0  portserial.o(i.xMBPortSerialPutByte)
    i.xMBPortTimersInit                      0x080028cc   Section        0  porttimer.o(i.xMBPortTimersInit)
    i.xMBRTUReceiveFSM                       0x080028d0   Section        0  mbrtu.o(i.xMBRTUReceiveFSM)
    i.xMBRTUTimerT35Expired                  0x08002938   Section        0  mbrtu.o(i.xMBRTUTimerT35Expired)
    i.xMBRTUTransmitFSM                      0x08002978   Section        0  mbrtu.o(i.xMBRTUTransmitFSM)
    .constdata                               0x080029d4   Section       16  stm32f1xx_hal_rcc.o(.constdata)
    .constdata                               0x080029e4   Section      512  mbcrc.o(.constdata)
    aucCRCHi                                 0x080029e4   Data         256  mbcrc.o(.constdata)
    aucCRCLo                                 0x08002ae4   Data         256  mbcrc.o(.constdata)
    .data                                    0x20000000   Section        4  stm32f1xx_hal.o(.data)
    uwTick                                   0x20000000   Data           4  stm32f1xx_hal.o(.data)
    .data                                    0x20000004   Section        4  system_stm32f1xx.o(.data)
    .data                                    0x20000008   Section       16  mbascii.o(.data)
    eSndState                                0x20000008   Data           1  mbascii.o(.data)
    eRcvState                                0x20000009   Data           1  mbascii.o(.data)
    eBytePos                                 0x2000000a   Data           1  mbascii.o(.data)
    ucMBLFCharacter                          0x2000000b   Data           1  mbascii.o(.data)
    usRcvBufferPos                           0x2000000c   Data           2  mbascii.o(.data)
    usSndBufferCount                         0x2000000e   Data           2  mbascii.o(.data)
    ucASCIIBuf                               0x20000010   Data           4  mbascii.o(.data)
    pucSndBufferCur                          0x20000014   Data           4  mbascii.o(.data)
    .data                                    0x20000018   Section        2  mbfuncother.o(.data)
    usMBSlaveIDLen                           0x20000018   Data           2  mbfuncother.o(.data)
    .data                                    0x2000001c   Section       12  mbrtu.o(.data)
    eSndState                                0x2000001c   Data           1  mbrtu.o(.data)
    eRcvState                                0x2000001d   Data           1  mbrtu.o(.data)
    usSndBufferCount                         0x2000001e   Data           2  mbrtu.o(.data)
    usRcvBufferPos                           0x20000020   Data           2  mbrtu.o(.data)
    pucSndBufferCur                          0x20000024   Data           4  mbrtu.o(.data)
    .data                                    0x20000028   Section      172  mb.o(.data)
    eMBState                                 0x20000028   Data           1  mb.o(.data)
    ucRcvAddress                             0x20000029   Data           1  mb.o(.data)
    ucFunctionCode                           0x2000002a   Data           1  mb.o(.data)
    eException                               0x2000002b   Data           1  mb.o(.data)
    ucMBAddress                              0x2000002c   Data           1  mb.o(.data)
    eMBCurrentMode                           0x2000002d   Data           1  mb.o(.data)
    usLength                                 0x2000002e   Data           2  mb.o(.data)
    ucMBFrame                                0x20000030   Data           4  mb.o(.data)
    peMBFrameSendCur                         0x20000034   Data           4  mb.o(.data)
    pvMBFrameStartCur                        0x20000038   Data           4  mb.o(.data)
    pvMBFrameStopCur                         0x2000003c   Data           4  mb.o(.data)
    peMBFrameReceiveCur                      0x20000040   Data           4  mb.o(.data)
    pvMBFrameCloseCur                        0x20000044   Data           4  mb.o(.data)
    xFuncHandlers                            0x20000054   Data         128  mb.o(.data)
    .data                                    0x200000d4   Section        2  portevent.o(.data)
    eQueuedEvent                             0x200000d4   Data           1  portevent.o(.data)
    xEventInQueue                            0x200000d5   Data           1  portevent.o(.data)
    .bss                                     0x200000d8   Section       60  tim.o(.bss)
    .bss                                     0x20000114   Section       64  usart.o(.bss)
    .bss                                     0x20000154   Section       32  mbfuncother.o(.bss)
    ucMBSlaveID                              0x20000154   Data          32  mbfuncother.o(.bss)
    .bss                                     0x20000174   Section      256  mbrtu.o(.bss)
    STACK                                    0x20000278   Section     1024  startup_stm32f107xc.o(STACK)

    Global Symbols

    Symbol Name                              Value     Ov Type        Size  Object(Section)

    BuildAttributes$$THM_ISAv4$P$D$K$B$S$PE$A:L22UL41UL21$X:L11$S22US41US21$IEEE1$IW$USESV6$~STKCKD$USESV7$~SHL$OSPACE$EBA8$MICROLIB$REQ8$PRES8$EABIv2 0x00000000   Number         0  anon$$obj.o ABSOLUTE
    __ARM_use_no_argv                        0x00000000   Number         0  main.o ABSOLUTE
    __cpp_initialize__aeabi_                  - Undefined Weak Reference
    __cxa_finalize                            - Undefined Weak Reference
    __decompress                              - Undefined Weak Reference
    _clock_init                               - Undefined Weak Reference
    _microlib_exit                            - Undefined Weak Reference
    __Vectors_Size                           0x00000150   Number         0  startup_stm32f107xc.o ABSOLUTE
    __Vectors                                0x08000000   Data           4  startup_stm32f107xc.o(RESET)
    __Vectors_End                            0x08000150   Data           0  startup_stm32f107xc.o(RESET)
    __main                                   0x08000151   Thumb Code     0  entry.o(.ARM.Collect$$$$00000000)
    _main_stk                                0x08000151   Thumb Code     0  entry2.o(.ARM.Collect$$$$00000001)
    _main_scatterload                        0x08000155   Thumb Code     0  entry5.o(.ARM.Collect$$$$00000004)
    __main_after_scatterload                 0x08000159   Thumb Code     0  entry5.o(.ARM.Collect$$$$00000004)
    _main_clock                              0x08000159   Thumb Code     0  entry7b.o(.ARM.Collect$$$$00000008)
    _main_cpp_init                           0x08000159   Thumb Code     0  entry8b.o(.ARM.Collect$$$$0000000A)
    _main_init                               0x08000159   Thumb Code     0  entry9a.o(.ARM.Collect$$$$0000000B)
    __rt_final_cpp                           0x08000161   Thumb Code     0  entry10a.o(.ARM.Collect$$$$0000000D)
    __rt_final_exit                          0x08000161   Thumb Code     0  entry11a.o(.ARM.Collect$$$$0000000F)
    Reset_Handler                            0x08000165   Thumb Code     8  startup_stm32f107xc.o(.text)
    NMI_Handler                              0x0800016d   Thumb Code     2  startup_stm32f107xc.o(.text)
    HardFault_Handler                        0x0800016f   Thumb Code     2  startup_stm32f107xc.o(.text)
    MemManage_Handler                        0x08000171   Thumb Code     2  startup_stm32f107xc.o(.text)
    BusFault_Handler                         0x08000173   Thumb Code     2  startup_stm32f107xc.o(.text)
    SVC_Handler                              0x08000177   Thumb Code     2  startup_stm32f107xc.o(.text)
    PendSV_Handler                           0x0800017b   Thumb Code     2  startup_stm32f107xc.o(.text)
    ADC1_2_IRQHandler                        0x0800017f   Thumb Code     0  startup_stm32f107xc.o(.text)
    CAN1_RX0_IRQHandler                      0x0800017f   Thumb Code     0  startup_stm32f107xc.o(.text)
    CAN1_RX1_IRQHandler                      0x0800017f   Thumb Code     0  startup_stm32f107xc.o(.text)
    CAN1_SCE_IRQHandler                      0x0800017f   Thumb Code     0  startup_stm32f107xc.o(.text)
    CAN1_TX_IRQHandler                       0x0800017f   Thumb Code     0  startup_stm32f107xc.o(.text)
    CAN2_RX0_IRQHandler                      0x0800017f   Thumb Code     0  startup_stm32f107xc.o(.text)
    CAN2_RX1_IRQHandler                      0x0800017f   Thumb Code     0  startup_stm32f107xc.o(.text)
    CAN2_SCE_IRQHandler                      0x0800017f   Thumb Code     0  startup_stm32f107xc.o(.text)
    CAN2_TX_IRQHandler                       0x0800017f   Thumb Code     0  startup_stm32f107xc.o(.text)
    DMA1_Channel1_IRQHandler                 0x0800017f   Thumb Code     0  startup_stm32f107xc.o(.text)
    DMA1_Channel2_IRQHandler                 0x0800017f   Thumb Code     0  startup_stm32f107xc.o(.text)
    DMA1_Channel3_IRQHandler                 0x0800017f   Thumb Code     0  startup_stm32f107xc.o(.text)
    DMA1_Channel4_IRQHandler                 0x0800017f   Thumb Code     0  startup_stm32f107xc.o(.text)
    DMA1_Channel5_IRQHandler                 0x0800017f   Thumb Code     0  startup_stm32f107xc.o(.text)
    DMA1_Channel6_IRQHandler                 0x0800017f   Thumb Code     0  startup_stm32f107xc.o(.text)
    DMA1_Channel7_IRQHandler                 0x0800017f   Thumb Code     0  startup_stm32f107xc.o(.text)
    DMA2_Channel1_IRQHandler                 0x0800017f   Thumb Code     0  startup_stm32f107xc.o(.text)
    DMA2_Channel2_IRQHandler                 0x0800017f   Thumb Code     0  startup_stm32f107xc.o(.text)
    DMA2_Channel3_IRQHandler                 0x0800017f   Thumb Code     0  startup_stm32f107xc.o(.text)
    DMA2_Channel4_IRQHandler                 0x0800017f   Thumb Code     0  startup_stm32f107xc.o(.text)
    DMA2_Channel5_IRQHandler                 0x0800017f   Thumb Code     0  startup_stm32f107xc.o(.text)
    ETH_IRQHandler                           0x0800017f   Thumb Code     0  startup_stm32f107xc.o(.text)
    ETH_WKUP_IRQHandler                      0x0800017f   Thumb Code     0  startup_stm32f107xc.o(.text)
    EXTI0_IRQHandler                         0x0800017f   Thumb Code     0  startup_stm32f107xc.o(.text)
    EXTI15_10_IRQHandler                     0x0800017f   Thumb Code     0  startup_stm32f107xc.o(.text)
    EXTI1_IRQHandler                         0x0800017f   Thumb Code     0  startup_stm32f107xc.o(.text)
    EXTI2_IRQHandler                         0x0800017f   Thumb Code     0  startup_stm32f107xc.o(.text)
    EXTI3_IRQHandler                         0x0800017f   Thumb Code     0  startup_stm32f107xc.o(.text)
    EXTI4_IRQHandler                         0x0800017f   Thumb Code     0  startup_stm32f107xc.o(.text)
    EXTI9_5_IRQHandler                       0x0800017f   Thumb Code     0  startup_stm32f107xc.o(.text)
    FLASH_IRQHandler                         0x0800017f   Thumb Code     0  startup_stm32f107xc.o(.text)
    I2C1_ER_IRQHandler                       0x0800017f   Thumb Code     0  startup_stm32f107xc.o(.text)
    I2C1_EV_IRQHandler                       0x0800017f   Thumb Code     0  startup_stm32f107xc.o(.text)
    I2C2_ER_IRQHandler                       0x0800017f   Thumb Code     0  startup_stm32f107xc.o(.text)
    I2C2_EV_IRQHandler                       0x0800017f   Thumb Code     0  startup_stm32f107xc.o(.text)
    OTG_FS_IRQHandler                        0x0800017f   Thumb Code     0  startup_stm32f107xc.o(.text)
    OTG_FS_WKUP_IRQHandler                   0x0800017f   Thumb Code     0  startup_stm32f107xc.o(.text)
    PVD_IRQHandler                           0x0800017f   Thumb Code     0  startup_stm32f107xc.o(.text)
    RCC_IRQHandler                           0x0800017f   Thumb Code     0  startup_stm32f107xc.o(.text)
    RTC_Alarm_IRQHandler                     0x0800017f   Thumb Code     0  startup_stm32f107xc.o(.text)
    RTC_IRQHandler                           0x0800017f   Thumb Code     0  startup_stm32f107xc.o(.text)
    SPI1_IRQHandler                          0x0800017f   Thumb Code     0  startup_stm32f107xc.o(.text)
    SPI2_IRQHandler                          0x0800017f   Thumb Code     0  startup_stm32f107xc.o(.text)
    SPI3_IRQHandler                          0x0800017f   Thumb Code     0  startup_stm32f107xc.o(.text)
    TAMPER_IRQHandler                        0x0800017f   Thumb Code     0  startup_stm32f107xc.o(.text)
    TIM1_BRK_IRQHandler                      0x0800017f   Thumb Code     0  startup_stm32f107xc.o(.text)
    TIM1_CC_IRQHandler                       0x0800017f   Thumb Code     0  startup_stm32f107xc.o(.text)
    TIM1_TRG_COM_IRQHandler                  0x0800017f   Thumb Code     0  startup_stm32f107xc.o(.text)
    TIM1_UP_IRQHandler                       0x0800017f   Thumb Code     0  startup_stm32f107xc.o(.text)
    TIM2_IRQHandler                          0x0800017f   Thumb Code     0  startup_stm32f107xc.o(.text)
    TIM3_IRQHandler                          0x0800017f   Thumb Code     0  startup_stm32f107xc.o(.text)
    TIM5_IRQHandler                          0x0800017f   Thumb Code     0  startup_stm32f107xc.o(.text)
    TIM6_IRQHandler                          0x0800017f   Thumb Code     0  startup_stm32f107xc.o(.text)
    TIM7_IRQHandler                          0x0800017f   Thumb Code     0  startup_stm32f107xc.o(.text)
    UART4_IRQHandler                         0x0800017f   Thumb Code     0  startup_stm32f107xc.o(.text)
    UART5_IRQHandler                         0x0800017f   Thumb Code     0  startup_stm32f107xc.o(.text)
    USART2_IRQHandler                        0x0800017f   Thumb Code     0  startup_stm32f107xc.o(.text)
    USART3_IRQHandler                        0x0800017f   Thumb Code     0  startup_stm32f107xc.o(.text)
    WWDG_IRQHandler                          0x0800017f   Thumb Code     0  startup_stm32f107xc.o(.text)
    __aeabi_memcpy                           0x08000189   Thumb Code    36  memcpya.o(.text)
    __aeabi_memcpy4                          0x08000189   Thumb Code     0  memcpya.o(.text)
    __aeabi_memcpy8                          0x08000189   Thumb Code     0  memcpya.o(.text)
    __scatterload                            0x080001ad   Thumb Code    28  init.o(.text)
    __scatterload_rt2                        0x080001ad   Thumb Code     0  init.o(.text)
    DebugMon_Handler                         0x080001d1   Thumb Code     2  stm32f1xx_it.o(i.DebugMon_Handler)
    HAL_Delay                                0x080001d3   Thumb Code    22  stm32f1xx_hal.o(i.HAL_Delay)
    HAL_GPIO_Init                            0x080001e9   Thumb Code   408  stm32f1xx_hal_gpio.o(i.HAL_GPIO_Init)
    HAL_GPIO_WritePin                        0x080003a5   Thumb Code    10  stm32f1xx_hal_gpio.o(i.HAL_GPIO_WritePin)
    HAL_GetTick                              0x080003b1   Thumb Code     6  stm32f1xx_hal.o(i.HAL_GetTick)
    HAL_IncTick                              0x080003bd   Thumb Code    10  stm32f1xx_hal.o(i.HAL_IncTick)
    HAL_Init                                 0x080003cd   Thumb Code    32  stm32f1xx_hal.o(i.HAL_Init)
    HAL_InitTick                             0x080003f1   Thumb Code    34  stm32f1xx_hal.o(i.HAL_InitTick)
    HAL_MspInit                              0x08000415   Thumb Code    86  stm32f1xx_hal_msp.o(i.HAL_MspInit)
    HAL_NVIC_ClearPendingIRQ                 0x08000471   Thumb Code    22  stm32f1xx_hal_cortex.o(i.HAL_NVIC_ClearPendingIRQ)
    HAL_NVIC_EnableIRQ                       0x08000487   Thumb Code    22  stm32f1xx_hal_cortex.o(i.HAL_NVIC_EnableIRQ)
    HAL_NVIC_SetPriority                     0x0800049d   Thumb Code    60  stm32f1xx_hal_cortex.o(i.HAL_NVIC_SetPriority)
    HAL_NVIC_SetPriorityGrouping             0x080004dd   Thumb Code    26  stm32f1xx_hal_cortex.o(i.HAL_NVIC_SetPriorityGrouping)
    HAL_RCC_ClockConfig                      0x08000501   Thumb Code   638  stm32f1xx_hal_rcc.o(i.HAL_RCC_ClockConfig)
    HAL_RCC_GetHCLKFreq                      0x08000789   Thumb Code    38  stm32f1xx_hal_rcc.o(i.HAL_RCC_GetHCLKFreq)
    HAL_RCC_GetPCLK1Freq                     0x080007bd   Thumb Code    36  stm32f1xx_hal_rcc.o(i.HAL_RCC_GetPCLK1Freq)
    HAL_RCC_GetPCLK2Freq                     0x080007e9   Thumb Code    36  stm32f1xx_hal_rcc.o(i.HAL_RCC_GetPCLK2Freq)
    HAL_RCC_GetSysClockFreq                  0x08000815   Thumb Code   184  stm32f1xx_hal_rcc.o(i.HAL_RCC_GetSysClockFreq)
    HAL_RCC_OscConfig                        0x080008f9   Thumb Code  1946  stm32f1xx_hal_rcc.o(i.HAL_RCC_OscConfig)
    HAL_SYSTICK_CLKSourceConfig              0x08001093   Thumb Code    24  stm32f1xx_hal_cortex.o(i.HAL_SYSTICK_CLKSourceConfig)
    HAL_SYSTICK_Callback                     0x080010ab   Thumb Code     2  stm32f1xx_hal_cortex.o(i.HAL_SYSTICK_Callback)
    HAL_SYSTICK_Config                       0x080010ad   Thumb Code    40  stm32f1xx_hal_cortex.o(i.HAL_SYSTICK_Config)
    HAL_SYSTICK_IRQHandler                   0x080010d5   Thumb Code     8  stm32f1xx_hal_cortex.o(i.HAL_SYSTICK_IRQHandler)
    HAL_TIMEx_BreakCallback                  0x080010dd   Thumb Code     2  stm32f1xx_hal_tim_ex.o(i.HAL_TIMEx_BreakCallback)
    HAL_TIMEx_CommutationCallback            0x080010df   Thumb Code     2  stm32f1xx_hal_tim_ex.o(i.HAL_TIMEx_CommutationCallback)
    HAL_TIMEx_MasterConfigSynchronization    0x080010e1   Thumb Code    80  stm32f1xx_hal_tim_ex.o(i.HAL_TIMEx_MasterConfigSynchronization)
    HAL_TIM_Base_Init                        0x08001131   Thumb Code    54  stm32f1xx_hal_tim.o(i.HAL_TIM_Base_Init)
    HAL_TIM_Base_MspInit                     0x08001169   Thumb Code    50  tim.o(i.HAL_TIM_Base_MspInit)
    HAL_TIM_ConfigClockSource                0x080011a5   Thumb Code   242  stm32f1xx_hal_tim.o(i.HAL_TIM_ConfigClockSource)
    HAL_TIM_IC_CaptureCallback               0x08001297   Thumb Code     2  stm32f1xx_hal_tim.o(i.HAL_TIM_IC_CaptureCallback)
    HAL_TIM_IRQHandler                       0x08001299   Thumb Code   358  stm32f1xx_hal_tim.o(i.HAL_TIM_IRQHandler)
    HAL_TIM_OC_DelayElapsedCallback          0x080013ff   Thumb Code     2  stm32f1xx_hal_tim.o(i.HAL_TIM_OC_DelayElapsedCallback)
    HAL_TIM_PWM_PulseFinishedCallback        0x08001401   Thumb Code     2  stm32f1xx_hal_tim.o(i.HAL_TIM_PWM_PulseFinishedCallback)
    HAL_TIM_PeriodElapsedCallback            0x08001403   Thumb Code     4  stm32f1xx_it.o(i.HAL_TIM_PeriodElapsedCallback)
    HAL_TIM_TriggerCallback                  0x08001407   Thumb Code     2  stm32f1xx_hal_tim.o(i.HAL_TIM_TriggerCallback)
    HAL_UART_ErrorCallback                   0x08001409   Thumb Code     2  stm32f1xx_hal_uart.o(i.HAL_UART_ErrorCallback)
    HAL_UART_IRQHandler                      0x0800140d   Thumb Code   218  stm32f1xx_hal_uart.o(i.HAL_UART_IRQHandler)
    HAL_UART_Init                            0x080014e7   Thumb Code    94  stm32f1xx_hal_uart.o(i.HAL_UART_Init)
    HAL_UART_MspInit                         0x08001545   Thumb Code    94  usart.o(i.HAL_UART_MspInit)
    HAL_UART_Receive                         0x080015b1   Thumb Code   204  stm32f1xx_hal_uart.o(i.HAL_UART_Receive)
    HAL_UART_RxCpltCallback                  0x0800167d   Thumb Code     2  stm32f1xx_hal_uart.o(i.HAL_UART_RxCpltCallback)
    HAL_UART_Transmit                        0x08001681   Thumb Code   204  stm32f1xx_hal_uart.o(i.HAL_UART_Transmit)
    HAL_UART_TxCpltCallback                  0x0800174d   Thumb Code     2  stm32f1xx_hal_uart.o(i.HAL_UART_TxCpltCallback)
    MX_GPIO_Init                             0x08001751   Thumb Code   136  gpio.o(i.MX_GPIO_Init)
    MX_TIM4_Init                             0x080017e5   Thumb Code    62  tim.o(i.MX_TIM4_Init)
    MX_USART1_UART_Init                      0x0800182d   Thumb Code    32  usart.o(i.MX_USART1_UART_Init)
    SysTick_Handler                          0x08001875   Thumb Code    14  stm32f1xx_it.o(i.SysTick_Handler)
    SystemClock_Config                       0x08001885   Thumb Code   124  main.o(i.SystemClock_Config)
    SystemInit                               0x08001905   Thumb Code    68  system_stm32f1xx.o(i.SystemInit)
    TIM4_IRQHandler                          0x08001959   Thumb Code    18  stm32f1xx_it.o(i.TIM4_IRQHandler)
    TIM_Base_SetConfig                       0x08001971   Thumb Code    98  stm32f1xx_hal_tim.o(i.TIM_Base_SetConfig)
    USART1_IRQHandler                        0x08001cd1   Thumb Code    44  stm32f1xx_it.o(i.USART1_IRQHandler)
    UsageFault_Handler                       0x08001d01   Thumb Code     2  stm32f1xx_it.o(i.UsageFault_Handler)
    __scatterload_copy                       0x08001d03   Thumb Code    14  handlers.o(i.__scatterload_copy)
    __scatterload_null                       0x08001d11   Thumb Code     2  handlers.o(i.__scatterload_null)
    __scatterload_zeroinit                   0x08001d13   Thumb Code    14  handlers.o(i.__scatterload_zeroinit)
    eMBASCIIInit                             0x08001d21   Thumb Code    56  mbascii.o(i.eMBASCIIInit)
    eMBASCIIReceive                          0x08001d5d   Thumb Code    80  mbascii.o(i.eMBASCIIReceive)
    eMBASCIISend                             0x08001db1   Thumb Code    80  mbascii.o(i.eMBASCIISend)
    eMBASCIIStart                            0x08001e05   Thumb Code    32  mbascii.o(i.eMBASCIIStart)
    eMBASCIIStop                             0x08001e29   Thumb Code    28  mbascii.o(i.eMBASCIIStop)
    eMBEnable                                0x08001e45   Thumb Code    28  mb.o(i.eMBEnable)
    eMBFuncReadCoils                         0x08001e65   Thumb Code   114  mbfunccoils.o(i.eMBFuncReadCoils)
    eMBFuncReadDiscreteInputs                0x08001ed7   Thumb Code   114  mbfuncdisc.o(i.eMBFuncReadDiscreteInputs)
    eMBFuncReadHoldingRegister               0x08001f49   Thumb Code   106  mbfuncholding.o(i.eMBFuncReadHoldingRegister)
    eMBFuncReadInputRegister                 0x08001fb3   Thumb Code    94  mbfuncinput.o(i.eMBFuncReadInputRegister)
    eMBFuncReadWriteMultipleHoldingRegister  0x08002011   Thumb Code   176  mbfuncholding.o(i.eMBFuncReadWriteMultipleHoldingRegister)
    eMBFuncReportSlaveID                     0x080020c1   Thumb Code    26  mbfuncother.o(i.eMBFuncReportSlaveID)
    eMBFuncWriteCoil                         0x080020e5   Thumb Code    86  mbfunccoils.o(i.eMBFuncWriteCoil)
    eMBFuncWriteHoldingRegister              0x0800213b   Thumb Code    56  mbfuncholding.o(i.eMBFuncWriteHoldingRegister)
    eMBFuncWriteMultipleCoils                0x08002173   Thumb Code   100  mbfunccoils.o(i.eMBFuncWriteMultipleCoils)
    eMBFuncWriteMultipleHoldingRegister      0x080021d7   Thumb Code    84  mbfuncholding.o(i.eMBFuncWriteMultipleHoldingRegister)
    eMBInit                                  0x0800222d   Thumb Code   140  mb.o(i.eMBInit)
    eMBPoll                                  0x080022f5   Thumb Code   176  mb.o(i.eMBPoll)
    eMBRTUInit                               0x080023a9   Thumb Code    66  mbrtu.o(i.eMBRTUInit)
    eMBRTUReceive                            0x080023f1   Thumb Code    82  mbrtu.o(i.eMBRTUReceive)
    eMBRTUSend                               0x0800244d   Thumb Code    92  mbrtu.o(i.eMBRTUSend)
    eMBRTUStart                              0x080024b1   Thumb Code    32  mbrtu.o(i.eMBRTUStart)
    eMBRTUStop                               0x080024d5   Thumb Code    28  mbrtu.o(i.eMBRTUStop)
    eMBRegCoilsCB                            0x080024f1   Thumb Code     4  modbus_deal.o(i.eMBRegCoilsCB)
    eMBRegDiscreteCB                         0x080024f5   Thumb Code     4  modbus_deal.o(i.eMBRegDiscreteCB)
    eMBRegHoldingCB                          0x080024f9   Thumb Code    48  modbus_deal.o(i.eMBRegHoldingCB)
    eMBRegInputCB                            0x08002529   Thumb Code     4  modbus_deal.o(i.eMBRegInputCB)
    main                                     0x0800252d   Thumb Code    50  main.o(i.main)
    prveMBError2Exception                    0x0800255f   Thumb Code    24  mbutils.o(i.prveMBError2Exception)
    prvvTIMERExpiredISR                      0x080025ad   Thumb Code     6  porttimer.o(i.prvvTIMERExpiredISR)
    prvvUARTRxISR                            0x080025b9   Thumb Code     6  portserial.o(i.prvvUARTRxISR)
    prvvUARTTxReadyISR                       0x080025c5   Thumb Code     6  portserial.o(i.prvvUARTTxReadyISR)
    usMBCRC16                                0x080025d1   Thumb Code    40  mbcrc.o(i.usMBCRC16)
    vMBPortSerialEnable                      0x080025fd   Thumb Code    44  portserial.o(i.vMBPortSerialEnable)
    vMBPortTimersDisable                     0x0800262d   Thumb Code    56  porttimer.o(i.vMBPortTimersDisable)
    vMBPortTimersEnable                      0x08002669   Thumb Code    38  porttimer.o(i.vMBPortTimersEnable)
    xMBASCIIReceiveFSM                       0x08002695   Thumb Code   222  mbascii.o(i.xMBASCIIReceiveFSM)
    xMBASCIITimerT1SExpired                  0x08002779   Thumb Code    42  mbascii.o(i.xMBASCIITimerT1SExpired)
    xMBASCIITransmitFSM                      0x080027a9   Thumb Code   168  mbascii.o(i.xMBASCIITransmitFSM)
    xMBPortEventGet                          0x08002855   Thumb Code    24  portevent.o(i.xMBPortEventGet)
    xMBPortEventInit                         0x08002871   Thumb Code    10  portevent.o(i.xMBPortEventInit)
    xMBPortEventPost                         0x08002881   Thumb Code    12  portevent.o(i.xMBPortEventPost)
    xMBPortSerialGetByte                     0x08002891   Thumb Code    24  portserial.o(i.xMBPortSerialGetByte)
    xMBPortSerialInit                        0x080028ad   Thumb Code     4  portserial.o(i.xMBPortSerialInit)
    xMBPortSerialPutByte                     0x080028b1   Thumb Code    24  portserial.o(i.xMBPortSerialPutByte)
    xMBPortTimersInit                        0x080028cd   Thumb Code     4  porttimer.o(i.xMBPortTimersInit)
    xMBRTUReceiveFSM                         0x080028d1   Thumb Code    96  mbrtu.o(i.xMBRTUReceiveFSM)
    xMBRTUTimerT35Expired                    0x08002939   Thumb Code    58  mbrtu.o(i.xMBRTUTimerT35Expired)
    xMBRTUTransmitFSM                        0x08002979   Thumb Code    86  mbrtu.o(i.xMBRTUTransmitFSM)
    aAPBAHBPrescTable                        0x080029d4   Data          16  stm32f1xx_hal_rcc.o(.constdata)
    Region$$Table$$Base                      0x08002be4   Number         0  anon$$obj.o(Region$$Table)
    Region$$Table$$Limit                     0x08002c04   Number         0  anon$$obj.o(Region$$Table)
    SystemCoreClock                          0x20000004   Data           4  system_stm32f1xx.o(.data)
    pxMBFrameCBByteReceived                  0x20000048   Data           4  mb.o(.data)
    pxMBFrameCBTransmitterEmpty              0x2000004c   Data           4  mb.o(.data)
    pxMBPortCBTimerExpired                   0x20000050   Data           4  mb.o(.data)
    htim4                                    0x200000d8   Data          60  tim.o(.bss)
    huart1                                   0x20000114   Data          64  usart.o(.bss)
    ucRTUBuf                                 0x20000174   Data         256  mbrtu.o(.bss)
    __initial_sp                             0x20000678   Data           0  startup_stm32f107xc.o(STACK)



==============================================================================

Memory Map of the image

  Image Entry point : 0x08000151

  Load Region LR_IROM1 (Base: 0x08000000, Size: 0x00002cdc, Max: 0x00040000, ABSOLUTE)

    Execution Region ER_IROM1 (Base: 0x08000000, Size: 0x00002c04, Max: 0x00040000, ABSOLUTE)

    Base Addr    Size         Type   Attr      Idx    E Section Name        Object

    0x08000000   0x00000150   Data   RO            3    RESET               startup_stm32f107xc.o
    0x08000150   0x00000000   Code   RO         3021  * .ARM.Collect$$$$00000000  mc_w.l(entry.o)
    0x08000150   0x00000004   Code   RO         3032    .ARM.Collect$$$$00000001  mc_w.l(entry2.o)
    0x08000154   0x00000004   Code   RO         3035    .ARM.Collect$$$$00000004  mc_w.l(entry5.o)
    0x08000158   0x00000000   Code   RO         3037    .ARM.Collect$$$$00000008  mc_w.l(entry7b.o)
    0x08000158   0x00000000   Code   RO         3039    .ARM.Collect$$$$0000000A  mc_w.l(entry8b.o)
    0x08000158   0x00000008   Code   RO         3040    .ARM.Collect$$$$0000000B  mc_w.l(entry9a.o)
    0x08000160   0x00000000   Code   RO         3042    .ARM.Collect$$$$0000000D  mc_w.l(entry10a.o)
    0x08000160   0x00000000   Code   RO         3044    .ARM.Collect$$$$0000000F  mc_w.l(entry11a.o)
    0x08000160   0x00000004   Code   RO         3033    .ARM.Collect$$$$00002712  mc_w.l(entry2.o)
    0x08000164   0x00000024   Code   RO            4    .text               startup_stm32f107xc.o
    0x08000188   0x00000024   Code   RO         3028    .text               mc_w.l(memcpya.o)
    0x080001ac   0x00000024   Code   RO         3046    .text               mc_w.l(init.o)
    0x080001d0   0x00000002   Code   RO         2221    i.DebugMon_Handler  stm32f1xx_it.o
    0x080001d2   0x00000016   Code   RO          205    i.HAL_Delay         stm32f1xx_hal.o
    0x080001e8   0x000001bc   Code   RO          440    i.HAL_GPIO_Init     stm32f1xx_hal_gpio.o
    0x080003a4   0x0000000a   Code   RO          444    i.HAL_GPIO_WritePin  stm32f1xx_hal_gpio.o
    0x080003ae   0x00000002   PAD
    0x080003b0   0x0000000c   Code   RO          209    i.HAL_GetTick       stm32f1xx_hal.o
    0x080003bc   0x00000010   Code   RO          210    i.HAL_IncTick       stm32f1xx_hal.o
    0x080003cc   0x00000024   Code   RO          211    i.HAL_Init          stm32f1xx_hal.o
    0x080003f0   0x00000022   Code   RO          212    i.HAL_InitTick      stm32f1xx_hal.o
    0x08000412   0x00000002   PAD
    0x08000414   0x0000005c   Code   RO         2131    i.HAL_MspInit       stm32f1xx_hal_msp.o
    0x08000470   0x00000016   Code   RO          861    i.HAL_NVIC_ClearPendingIRQ  stm32f1xx_hal_cortex.o
    0x08000486   0x00000016   Code   RO          863    i.HAL_NVIC_EnableIRQ  stm32f1xx_hal_cortex.o
    0x0800049c   0x00000040   Code   RO          869    i.HAL_NVIC_SetPriority  stm32f1xx_hal_cortex.o
    0x080004dc   0x00000024   Code   RO          870    i.HAL_NVIC_SetPriorityGrouping  stm32f1xx_hal_cortex.o
    0x08000500   0x00000288   Code   RO          333    i.HAL_RCC_ClockConfig  stm32f1xx_hal_rcc.o
    0x08000788   0x00000034   Code   RO          338    i.HAL_RCC_GetHCLKFreq  stm32f1xx_hal_rcc.o
    0x080007bc   0x0000002c   Code   RO          340    i.HAL_RCC_GetPCLK1Freq  stm32f1xx_hal_rcc.o
    0x080007e8   0x0000002c   Code   RO          341    i.HAL_RCC_GetPCLK2Freq  stm32f1xx_hal_rcc.o
    0x08000814   0x000000e4   Code   RO          342    i.HAL_RCC_GetSysClockFreq  stm32f1xx_hal_rcc.o
    0x080008f8   0x0000079a   Code   RO          345    i.HAL_RCC_OscConfig  stm32f1xx_hal_rcc.o
    0x08001092   0x00000018   Code   RO          872    i.HAL_SYSTICK_CLKSourceConfig  stm32f1xx_hal_cortex.o
    0x080010aa   0x00000002   Code   RO          873    i.HAL_SYSTICK_Callback  stm32f1xx_hal_cortex.o
    0x080010ac   0x00000028   Code   RO          874    i.HAL_SYSTICK_Config  stm32f1xx_hal_cortex.o
    0x080010d4   0x00000008   Code   RO          875    i.HAL_SYSTICK_IRQHandler  stm32f1xx_hal_cortex.o
    0x080010dc   0x00000002   Code   RO          628    i.HAL_TIMEx_BreakCallback  stm32f1xx_hal_tim_ex.o
    0x080010de   0x00000002   Code   RO          629    i.HAL_TIMEx_CommutationCallback  stm32f1xx_hal_tim_ex.o
    0x080010e0   0x00000050   Code   RO          645    i.HAL_TIMEx_MasterConfigSynchronization  stm32f1xx_hal_tim_ex.o
    0x08001130   0x00000036   Code   RO          980    i.HAL_TIM_Base_Init  stm32f1xx_hal_tim.o
    0x08001166   0x00000002   PAD
    0x08001168   0x0000003c   Code   RO         2156    i.HAL_TIM_Base_MspInit  tim.o
    0x080011a4   0x000000f2   Code   RO          989    i.HAL_TIM_ConfigClockSource  stm32f1xx_hal_tim.o
    0x08001296   0x00000002   Code   RO         1009    i.HAL_TIM_IC_CaptureCallback  stm32f1xx_hal_tim.o
    0x08001298   0x00000166   Code   RO         1022    i.HAL_TIM_IRQHandler  stm32f1xx_hal_tim.o
    0x080013fe   0x00000002   Code   RO         1025    i.HAL_TIM_OC_DelayElapsedCallback  stm32f1xx_hal_tim.o
    0x08001400   0x00000002   Code   RO         1052    i.HAL_TIM_PWM_PulseFinishedCallback  stm32f1xx_hal_tim.o
    0x08001402   0x00000004   Code   RO         2222    i.HAL_TIM_PeriodElapsedCallback  stm32f1xx_it.o
    0x08001406   0x00000002   Code   RO         1063    i.HAL_TIM_TriggerCallback  stm32f1xx_hal_tim.o
    0x08001408   0x00000002   Code   RO         1758    i.HAL_UART_ErrorCallback  stm32f1xx_hal_uart.o
    0x0800140a   0x00000002   PAD
    0x0800140c   0x000000da   Code   RO         1761    i.HAL_UART_IRQHandler  stm32f1xx_hal_uart.o
    0x080014e6   0x0000005e   Code   RO         1762    i.HAL_UART_Init     stm32f1xx_hal_uart.o
    0x08001544   0x0000006c   Code   RO         2280    i.HAL_UART_MspInit  usart.o
    0x080015b0   0x000000cc   Code   RO         1765    i.HAL_UART_Receive  stm32f1xx_hal_uart.o
    0x0800167c   0x00000002   Code   RO         1768    i.HAL_UART_RxCpltCallback  stm32f1xx_hal_uart.o
    0x0800167e   0x00000002   PAD
    0x08001680   0x000000cc   Code   RO         1770    i.HAL_UART_Transmit  stm32f1xx_hal_uart.o
    0x0800174c   0x00000002   Code   RO         1773    i.HAL_UART_TxCpltCallback  stm32f1xx_hal_uart.o
    0x0800174e   0x00000002   PAD
    0x08001750   0x00000094   Code   RO         2197    i.MX_GPIO_Init      gpio.o
    0x080017e4   0x00000048   Code   RO         2157    i.MX_TIM4_Init      tim.o
    0x0800182c   0x00000028   Code   RO         2281    i.MX_USART1_UART_Init  usart.o
    0x08001854   0x00000020   Code   RO          876    i.NVIC_SetPriority  stm32f1xx_hal_cortex.o
    0x08001874   0x0000000e   Code   RO         2223    i.SysTick_Handler   stm32f1xx_it.o
    0x08001882   0x00000002   PAD
    0x08001884   0x00000080   Code   RO         2068    i.SystemClock_Config  main.o
    0x08001904   0x00000054   Code   RO         2322    i.SystemInit        system_stm32f1xx.o
    0x08001958   0x00000018   Code   RO         2224    i.TIM4_IRQHandler   stm32f1xx_it.o
    0x08001970   0x00000074   Code   RO         1064    i.TIM_Base_SetConfig  stm32f1xx_hal_tim.o
    0x080019e4   0x00000014   Code   RO         1071    i.TIM_ETR_SetConfig  stm32f1xx_hal_tim.o
    0x080019f8   0x00000010   Code   RO         1072    i.TIM_ITRx_SetConfig  stm32f1xx_hal_tim.o
    0x08001a08   0x00000022   Code   RO         1078    i.TIM_TI1_ConfigInputStage  stm32f1xx_hal_tim.o
    0x08001a2a   0x00000024   Code   RO         1080    i.TIM_TI2_ConfigInputStage  stm32f1xx_hal_tim.o
    0x08001a4e   0x00000002   PAD
    0x08001a50   0x000000a8   Code   RO         1780    i.UART_Receive_IT   stm32f1xx_hal_uart.o
    0x08001af8   0x000000e0   Code   RO         1781    i.UART_SetConfig    stm32f1xx_hal_uart.o
    0x08001bd8   0x00000066   Code   RO         1782    i.UART_Transmit_IT  stm32f1xx_hal_uart.o
    0x08001c3e   0x00000092   Code   RO         1783    i.UART_WaitOnFlagUntilTimeout  stm32f1xx_hal_uart.o
    0x08001cd0   0x00000030   Code   RO         2225    i.USART1_IRQHandler  stm32f1xx_it.o
    0x08001d00   0x00000002   Code   RO         2226    i.UsageFault_Handler  stm32f1xx_it.o
    0x08001d02   0x0000000e   Code   RO         3050    i.__scatterload_copy  mc_w.l(handlers.o)
    0x08001d10   0x00000002   Code   RO         3051    i.__scatterload_null  mc_w.l(handlers.o)
    0x08001d12   0x0000000e   Code   RO         3052    i.__scatterload_zeroinit  mc_w.l(handlers.o)
    0x08001d20   0x0000003c   Code   RO         2358    i.eMBASCIIInit      mbascii.o
    0x08001d5c   0x00000054   Code   RO         2359    i.eMBASCIIReceive   mbascii.o
    0x08001db0   0x00000054   Code   RO         2360    i.eMBASCIISend      mbascii.o
    0x08001e04   0x00000024   Code   RO         2361    i.eMBASCIIStart     mbascii.o
    0x08001e28   0x0000001c   Code   RO         2362    i.eMBASCIIStop      mbascii.o
    0x08001e44   0x00000020   Code   RO         2785    i.eMBEnable         mb.o
    0x08001e64   0x00000072   Code   RO         2465    i.eMBFuncReadCoils  mbfunccoils.o
    0x08001ed6   0x00000072   Code   RO         2504    i.eMBFuncReadDiscreteInputs  mbfuncdisc.o
    0x08001f48   0x0000006a   Code   RO         2528    i.eMBFuncReadHoldingRegister  mbfuncholding.o
    0x08001fb2   0x0000005e   Code   RO         2570    i.eMBFuncReadInputRegister  mbfuncinput.o
    0x08002010   0x000000b0   Code   RO         2529    i.eMBFuncReadWriteMultipleHoldingRegister  mbfuncholding.o
    0x080020c0   0x00000024   Code   RO         2594    i.eMBFuncReportSlaveID  mbfuncother.o
    0x080020e4   0x00000056   Code   RO         2466    i.eMBFuncWriteCoil  mbfunccoils.o
    0x0800213a   0x00000038   Code   RO         2530    i.eMBFuncWriteHoldingRegister  mbfuncholding.o
    0x08002172   0x00000064   Code   RO         2467    i.eMBFuncWriteMultipleCoils  mbfunccoils.o
    0x080021d6   0x00000054   Code   RO         2531    i.eMBFuncWriteMultipleHoldingRegister  mbfuncholding.o
    0x0800222a   0x00000002   PAD
    0x0800222c   0x000000c8   Code   RO         2786    i.eMBInit           mb.o
    0x080022f4   0x000000b4   Code   RO         2787    i.eMBPoll           mb.o
    0x080023a8   0x00000048   Code   RO         2689    i.eMBRTUInit        mbrtu.o
    0x080023f0   0x0000005c   Code   RO         2690    i.eMBRTUReceive     mbrtu.o
    0x0800244c   0x00000064   Code   RO         2691    i.eMBRTUSend        mbrtu.o
    0x080024b0   0x00000024   Code   RO         2692    i.eMBRTUStart       mbrtu.o
    0x080024d4   0x0000001c   Code   RO         2693    i.eMBRTUStop        mbrtu.o
    0x080024f0   0x00000004   Code   RO         2982    i.eMBRegCoilsCB     modbus_deal.o
    0x080024f4   0x00000004   Code   RO         2983    i.eMBRegDiscreteCB  modbus_deal.o
    0x080024f8   0x00000030   Code   RO         2984    i.eMBRegHoldingCB   modbus_deal.o
    0x08002528   0x00000004   Code   RO         2985    i.eMBRegInputCB     modbus_deal.o
    0x0800252c   0x00000032   Code   RO         2069    i.main              main.o
    0x0800255e   0x00000018   Code   RO         2627    i.prveMBError2Exception  mbutils.o
    0x08002576   0x0000001c   Code   RO         2363    i.prvucMBBIN2CHAR   mbascii.o
    0x08002592   0x00000018   Code   RO         2364    i.prvucMBLRC        mbascii.o
    0x080025aa   0x00000002   PAD
    0x080025ac   0x0000000c   Code   RO         2940    i.prvvTIMERExpiredISR  porttimer.o
    0x080025b8   0x0000000c   Code   RO         2886    i.prvvUARTRxISR     portserial.o
    0x080025c4   0x0000000c   Code   RO         2887    i.prvvUARTTxReadyISR  portserial.o
    0x080025d0   0x0000002c   Code   RO         2663    i.usMBCRC16         mbcrc.o
    0x080025fc   0x00000030   Code   RO         2888    i.vMBPortSerialEnable  portserial.o
    0x0800262c   0x0000003c   Code   RO         2970    i.vMBPortTimersDisable  porttimer.o
    0x08002668   0x0000002c   Code   RO         2964    i.vMBPortTimersEnable  porttimer.o
    0x08002694   0x000000e4   Code   RO         2365    i.xMBASCIIReceiveFSM  mbascii.o
    0x08002778   0x00000030   Code   RO         2366    i.xMBASCIITimerT1SExpired  mbascii.o
    0x080027a8   0x000000ac   Code   RO         2367    i.xMBASCIITransmitFSM  mbascii.o
    0x08002854   0x0000001c   Code   RO         2848    i.xMBPortEventGet   portevent.o
    0x08002870   0x00000010   Code   RO         2849    i.xMBPortEventInit  portevent.o
    0x08002880   0x00000010   Code   RO         2850    i.xMBPortEventPost  portevent.o
    0x08002890   0x0000001c   Code   RO         2889    i.xMBPortSerialGetByte  portserial.o
    0x080028ac   0x00000004   Code   RO         2890    i.xMBPortSerialInit  portserial.o
    0x080028b0   0x0000001c   Code   RO         2891    i.xMBPortSerialPutByte  portserial.o
    0x080028cc   0x00000004   Code   RO         2941    i.xMBPortTimersInit  porttimer.o
    0x080028d0   0x00000068   Code   RO         2694    i.xMBRTUReceiveFSM  mbrtu.o
    0x08002938   0x00000040   Code   RO         2695    i.xMBRTUTimerT35Expired  mbrtu.o
    0x08002978   0x0000005c   Code   RO         2696    i.xMBRTUTransmitFSM  mbrtu.o
    0x080029d4   0x00000010   Data   RO          346    .constdata          stm32f1xx_hal_rcc.o
    0x080029e4   0x00000200   Data   RO         2664    .constdata          mbcrc.o
    0x08002be4   0x00000020   Data   RO         3048    Region$$Table       anon$$obj.o


    Execution Region RW_IRAM1 (Base: 0x20000000, Size: 0x00000678, Max: 0x00010000, ABSOLUTE)

    Base Addr    Size         Type   Attr      Idx    E Section Name        Object

    0x20000000   0x00000004   Data   RW          217    .data               stm32f1xx_hal.o
    0x20000004   0x00000004   Data   RW         2324    .data               system_stm32f1xx.o
    0x20000008   0x00000010   Data   RW         2368    .data               mbascii.o
    0x20000018   0x00000002   Data   RW         2597    .data               mbfuncother.o
    0x2000001a   0x00000002   PAD
    0x2000001c   0x0000000c   Data   RW         2698    .data               mbrtu.o
    0x20000028   0x000000ac   Data   RW         2789    .data               mb.o
    0x200000d4   0x00000002   Data   RW         2851    .data               portevent.o
    0x200000d6   0x00000002   PAD
    0x200000d8   0x0000003c   Zero   RW         2158    .bss                tim.o
    0x20000114   0x00000040   Zero   RW         2282    .bss                usart.o
    0x20000154   0x00000020   Zero   RW         2596    .bss                mbfuncother.o
    0x20000174   0x00000100   Zero   RW         2697    .bss                mbrtu.o
    0x20000274   0x00000004   PAD
    0x20000278   0x00000400   Zero   RW            1    STACK               startup_stm32f107xc.o


==============================================================================

Image component sizes


      Code (inc. data)   RO Data    RW Data    ZI Data      Debug   Object Name

       148         12          0          0          0        891   gpio.o
       178          4          0          0          0       4237   main.o
       412         68          0        172          0       3980   mb.o
       792         38          0         16          0      11575   mbascii.o
        44          4        512          0          0       1156   mbcrc.o
       300          0          0          0          0       3606   mbfunccoils.o
       114          0          0          0          0       1500   mbfuncdisc.o
       422          0          0          0          0       5007   mbfuncholding.o
        94          0          0          0          0       1487   mbfuncinput.o
        36         10          0          2         32       1303   mbfuncother.o
       588         48          0         12        256       6591   mbrtu.o
        24          0          0          0          0        596   mbutils.o
        60          0          0          0          0       2449   modbus_deal.o
        60         14          0          2          0       2028   portevent.o
       132         24          0          0          0       3449   portserial.o
       120         16          0          0          0       1807   porttimer.o
        36          8        336          0       1024        784   startup_stm32f107xc.o
       120         16          0          4          0       3478   stm32f1xx_hal.o
       250         14          0          0          0      27856   stm32f1xx_hal_cortex.o
         0          0          0          0          0     337732   stm32f1xx_hal_flash.o
       454         36          0          0          0       2996   stm32f1xx_hal_gpio.o
        92          6          0          0          0        806   stm32f1xx_hal_msp.o
      2962         98         16          0          0       6396   stm32f1xx_hal_rcc.o
       884         18          0          0          0       8595   stm32f1xx_hal_tim.o
        84          0          0          0          0       2254   stm32f1xx_hal_tim_ex.o
      1366          4          0          0          0       8846   stm32f1xx_hal_uart.o
        94         10          0          0          0       3094   stm32f1xx_it.o
        84         16          0          4          0       1281   system_stm32f1xx.o
       132         20          0          0         60       1506   tim.o
       148         22          0          0         64       1474   usart.o

    ----------------------------------------------------------------------
     10250        506        896        216       1440     458760   Object Totals
         0          0         32          0          0          0   (incl. Generated)
        20          0          0          4          4          0   (incl. Padding)

    ----------------------------------------------------------------------

      Code (inc. data)   RO Data    RW Data    ZI Data      Debug   Library Member Name

         0          0          0          0          0          0   entry.o
         0          0          0          0          0          0   entry10a.o
         0          0          0          0          0          0   entry11a.o
         8          4          0          0          0          0   entry2.o
         4          0          0          0          0          0   entry5.o
         0          0          0          0          0          0   entry7b.o
         0          0          0          0          0          0   entry8b.o
         8          4          0          0          0          0   entry9a.o
        30          0          0          0          0          0   handlers.o
        36          8          0          0          0         68   init.o
        36          0          0          0          0         68   memcpya.o

    ----------------------------------------------------------------------
       122         16          0          0          0        136   Library Totals
         0          0          0          0          0          0   (incl. Padding)

    ----------------------------------------------------------------------

      Code (inc. data)   RO Data    RW Data    ZI Data      Debug   Library Name

       122         16          0          0          0        136   mc_w.l

    ----------------------------------------------------------------------
       122         16          0          0          0        136   Library Totals

    ----------------------------------------------------------------------

==============================================================================


      Code (inc. data)   RO Data    RW Data    ZI Data      Debug   

     10372        522        896        216       1440     453432   Grand Totals
     10372        522        896        216       1440     453432   ELF Image Totals
     10372        522        896        216          0          0   ROM Totals

==============================================================================

    Total RO  Size (Code + RO Data)                11268 (  11.00kB)
    Total RW  Size (RW Data + ZI Data)              1656 (   1.62kB)
    Total ROM Size (Code + RO Data + RW Data)      11484 (  11.21kB)

==============================================================================

